#
# A fatal error has been detected by the Java Runtime Environment:
#
#  EXCEPTION_ACCESS_VIOLATION (0xc0000005) at pc=0x00007ff8be86f47c, pid=27284, tid=33484
#
# JRE version: Java(TM) SE Runtime Environment (25.0.3+9) (build 25.0.3+9-LTS-195)
# Java VM: Java HotSpot(TM) 64-Bit Server VM (25.0.3+9-LTS-195, mixed mode, sharing, tiered, compressed oops, compressed class ptrs, g1 gc, windows-amd64)
# Problematic frame:
# C  [awt.dll+0xdf47c]
#
# No core dump will be written. Minidumps are not enabled by default on client versions of Windows
#
# If you would like to submit a bug report, please visit:
#   https://bugreport.java.com/bugreport/crash.jsp
# The crash happened outside the Java Virtual Machine in native code.
# See problematic frame for where to report the bug.
#

---------------  S U M M A R Y ------------

Command Line: -XX:+ShowCodeDetailsInExceptionMessages Playlist

Host: Intel(R) Core(TM) Ultra 7 265H, 16 cores, 31G,  Windows 11 , 64 bit Build 26100 (10.0.26100.8246)
Time: Mon Jun 15 12:30:46 2026 Central Daylight Time elapsed time: 13003.499195 seconds (0d 3h 36m 43s)

---------------  T H R E A D  ---------------

Current thread (0x000001ea9c4f8e60):  JavaThread "AWT-Windows" daemon [_thread_in_native, id=33484, stack(0x000000664c400000,0x000000664c500000) (1024K)]

Stack: [0x000000664c400000,0x000000664c500000],  sp=0x000000664c4feb70,  free space=1018k
Native frames: (J=compiled Java code, j=interpreted, Vv=VM code, C=native code)
C  [awt.dll+0xdf47c]  (no source info available)
C  [awt.dll+0x98b8b]  (no source info available)
C  [awt.dll+0x98bd6]  (no source info available)
C  [awt.dll+0x95f59]  (no source info available)
C  [awt.dll+0xe386b]  (no source info available)
C  [awt.dll+0xb2f7d]  (no source info available)
C  [awt.dll+0x99110]  (no source info available)
C  [USER32.dll+0xc396]  (no source info available)
C  [USER32.dll+0xbe5c]  (no source info available)
C  [awt.dll+0x16613]  (no source info available)
C  [COMCTL32.dll+0x2cec8]  (no source info available)
C  [COMCTL32.dll+0x2cc9f]  (no source info available)
C  [USER32.dll+0xc396]  (no source info available)
C  [USER32.dll+0xa7ed]  (no source info available)
C  [awt.dll+0xd84ce]  (no source info available)
C  [awt.dll+0xda3f2]  (no source info available)
C  0x000001ea8745d193  (no source info available)

The last pc belongs to native method entry point (kind = native) (printed below).
Java frames: (J=compiled Java code, j=interpreted, Vv=VM code)
j  sun.awt.windows.WToolkit.eventLoop()V+0 java.desktop@25.0.3
j  sun.awt.windows.WToolkit.run()V+56 java.desktop@25.0.3
j  java.lang.Thread.runWith(Ljava/lang/Object;Ljava/lang/Runnable;)V+5 java.base@25.0.3
j  java.lang.Thread.run()V+19 java.base@25.0.3
v  ~StubRoutines::call_stub 0x000001ea874512ed

siginfo: EXCEPTION_ACCESS_VIOLATION (0xc0000005), reading address 0x0000000000000004


Registers:
RAX=0x000001ea97c1f660, RBX=0x000001ea9c5458d0, RCX=0x0000000000000000, RDX=0x0000000000000000
RSP=0x000000664c4feb70, RBP=0x000000664c4fec89, RSI=0x000001ea9c8230a0, RDI=0x0000000000000000
R8 =0x0000000000000001, R9 =0x000000664ac6d000, R10=0x0000000000000000, R11=0x0000000000000246
R12=0x0000000000000000, R13=0x0000000000000001, R14=0x000001ea9c8230a0, R15=0x0000000000000000
RIP=0x00007ff8be86f47c, EFLAGS=0x0000000000010246

XMM[0]=0x0000000000000000 0x0000000000000000
XMM[1]=0x0000000000000000 0x0000000000000000
XMM[2]=0x0000000000000000 0x0000000000000000
XMM[3]=0x0000000000000000 0x0000000000000000
XMM[4]=0x0000000000000000 0x0000000000000000
XMM[5]=0x0000000000000000 0x0000000000000000
XMM[6]=0x0000000000000000 0x0000000000000000
XMM[7]=0x0000000000000000 0x0000000000000000
XMM[8]=0x0000000000000000 0x0000000000000000
XMM[9]=0x0000000000000000 0x0000000000000000
XMM[10]=0x0000000000000000 0x0000000000000000
XMM[11]=0x0000000000000000 0x0000000000000000
XMM[12]=0x0000000000000000 0x0000000000000000
XMM[13]=0x0000000000000000 0x0000000000000000
XMM[14]=0x0000000000000000 0x0000000000000000
XMM[15]=0x0000000000000000 0x0000000000000000
  MXCSR=0x00001fa0


Register to memory mapping:

RAX=0x000001ea97c1f660 points into unknown readable memory: 0x0000000000000000 | 00 00 00 00 00 00 00 00
RBX=0x000001ea9c5458d0 points into unknown readable memory: 0x000001ea9c89f7c0 | c0 f7 89 9c ea 01 00 00
RCX=0x0 is null
RDX=0x0 is null
RSP=0x000000664c4feb70 is pointing into the stack for thread: 0x000001ea9c4f8e60
RBP=0x000000664c4fec89 is pointing into the stack for thread: 0x000001ea9c4f8e60
RSI=0x000001ea9c8230a0 points into unknown readable memory: 0x00007ff8be89e930 | 30 e9 89 be f8 7f 00 00
RDI=0x0 is null
R8 =0x0000000000000001 is an unknown value
R9 =0x000000664ac6d000 points into unknown readable memory: 0x0000000000000000 | 00 00 00 00 00 00 00 00
R10=0x0 is null
R11=0x0000000000000246 is an unknown value
R12=0x0 is null
R13=0x0000000000000001 is an unknown value
R14=0x000001ea9c8230a0 points into unknown readable memory: 0x00007ff8be89e930 | 30 e9 89 be f8 7f 00 00
R15=0x0 is null

Top of Stack: (sp=0x000000664c4feb70)
0x000000664c4feb70:   00007ff8be8cc838 0000000000000000   8...............
0x000000664c4feb80:   0000000000000000 000001ea9c8230a0   .........0......
0x000000664c4feb90:   0000000000000000 00007ff8be828b8b   ................
0x000000664c4feba0:   0000000000000000 000001ea9c5458d0   .........XT.....
0x000000664c4febb0:   000001ea9c5458d0 0000000000000000   .XT.............
0x000000664c4febc0:   000001ea9c4f92a8 00007ff8be828bd6   ..O.............
0x000000664c4febd0:   000001ea9c823140 0000000000000001   @1..............
0x000000664c4febe0:   0000000000000000 000000664c4fede0   ..........OLf...
0x000000664c4febf0:   000001ea9c4f92a8 00007ff8be825f59   ..O.....Y_......
0x000000664c4fec00:   000001ea9c823140 000000664c4fece4   @1........OLf...
0x000000664c4fec10:   0000000000000000 00007ff8891e7c82   .........|......
0x000000664c4fec20:   00007ff8be8290b0 00007ff91aeba45e   ........^.......
0x000000664c4fec30:   000001eafdd97100 00007ff91a6ac9a9   .q........j.....
0x000000664c4fec40:   0000006600000310 0000000000000000   ....f...........
0x000000664c4fec50:   000000664c4fece4 0000000000000000   ..OLf...........
0x000000664c4fec60:   0000000000000000 0000000000000000   ................
0x000000664c4fec70:   000001ea9c823140 000001ea9c4f92a8   @1........O.....
0x000000664c4fec80:   0000000000000000 0000000000000000   ................
0x000000664c4fec90:   0000ef12e151926a 0000000000000000   j.Q.............
0x000000664c4feca0:   0000000000000000 0000000000000000   ................
0x000000664c4fecb0:   0000000000000000 0000000000000000   ................
0x000000664c4fecc0:   0000000000000000 0000000000000310   ................
0x000000664c4fecd0:   0000000000000000 000001ea9c8230a0   .........0......
0x000000664c4fece0:   000001ea9c8230a0 00007ff8be87386b   .0......k8......
0x000000664c4fecf0:   0000000000000000 0000b217d285eeb2   ................
0x000000664c4fed00:   0000021cf32b5f95 0000000000000022   ._+.....".......
0x000000664c4fed10:   000000000000c27a 0000000000000000   z...............
0x000000664c4fed20:   0000000000000000 00007ff91a67c569   ........i.g.....
0x000000664c4fed30:   0000000000000000 0000000000000001   ................
0x000000664c4fed40:   0000000000000022 00007ff91aeaa69f   "...............
0x000000664c4fed50:   00000000001a0ae8 00007ff91a67d7ba   ..........g.....
0x000000664c4fed60:   ffffffffffffffeb 0000ef12e151929a   ..........Q.....

Instructions: (pc=0x00007ff8be86f47c)
  0x00007ff8be86f37c:   ea 01 75 f1 45 85 ff 7e 11 4d 8b c7 33 d2 49 c1
  0x00007ff8be86f38c:   e0 02 49 8b ce e8 f2 03 01 00 48 8b 03 45 33 c9
  0x00007ff8be86f39c:   4d 8b c6 48 8b d5 48 8b cb 4c 8b 90 f8 06 00 00
  0x00007ff8be86f3ac:   41 ff d2 48 8b 03 45 33 c9 4c 8b c6 49 8b d4 48
  0x00007ff8be86f3bc:   8b cb 4c 8b 90 f8 06 00 00 41 ff d2 4c 8b 05 91
  0x00007ff8be86f3cc:   a0 06 00 48 8b cb 48 8b 15 67 a0 06 00 e8 12 d8
  0x00007ff8be86f3dc:   fb ff e9 57 ff ff ff 48 8d 15 4e 36 03 00 48 8b
  0x00007ff8be86f3ec:   cb e8 d3 cc 00 00 e9 52 ff ff ff cc cc cc cc cc
  0x00007ff8be86f3fc:   cc cc cc cc 48 89 5c 24 08 57 48 83 ec 20 8b f9
  0x00007ff8be86f40c:   e8 9f 8f f4 ff 48 8b d8 48 89 44 24 38 41 b8 01
  0x00007ff8be86f41c:   00 00 00 8b d7 48 8b c8 e8 f7 8e f4 ff 48 8b c8
  0x00007ff8be86f42c:   e8 5f fd ff ff 90 48 8b cb e8 36 91 f4 ff 90 48
  0x00007ff8be86f43c:   8b 5c 24 30 48 83 c4 20 5f c3 cc cc cc cc cc cc
  0x00007ff8be86f44c:   cc cc cc cc 48 89 5c 24 08 57 48 83 ec 20 8b f9
  0x00007ff8be86f45c:   e8 4f 8f f4 ff 48 8b d8 48 89 44 24 38 41 b8 01
  0x00007ff8be86f46c:   00 00 00 8b d7 48 8b c8 e8 a7 8e f4 ff 48 8b 08
=>0x00007ff8be86f47c:   83 79 04 08 7e 04 33 ff eb 0b 48 8b 48 08 e8 01
  0x00007ff8be86f48c:   75 fe ff 8b f8 48 8b cb e8 d7 90 f4 ff 90 8b c7
  0x00007ff8be86f49c:   48 8b 5c 24 30 48 83 c4 20 5f c3 cc cc cc cc cc
  0x00007ff8be86f4ac:   cc cc cc cc 48 89 5c 24 08 48 89 74 24 10 48 89
  0x00007ff8be86f4bc:   7c 24 18 41 56 48 83 ec 30 41 8b f9 45 8b f0 48
  0x00007ff8be86f4cc:   8b f2 48 8b d9 e8 8a 7e 00 00 e8 a5 ab ff ff 8b
  0x00007ff8be86f4dc:   44 24 68 89 44 24 20 44 8b 4c 24 60 44 8b c7 41
  0x00007ff8be86f4ec:   8b d6 48 8b cb e8 0a e6 ff ff 48 8b f8 48 85 c0
  0x00007ff8be86f4fc:   0f 84 8e 00 00 00 48 8b 03 4c 8b 80 f8 00 00 00
  0x00007ff8be86f50c:   48 8b d6 48 8b cb 41 ff d0 48 8b d0 48 8b cb 48
  0x00007ff8be86f51c:   85 c0 75 0e 48 8d 15 99 36 03 00 e8 99 cb 00 00
  0x00007ff8be86f52c:   eb 62 48 8b 03 4c 8b 90 08 01 00 00 4c 8d 0d a9
  0x00007ff8be86f53c:   36 03 00 4c 8d 05 ba 36 03 00 41 ff d2 48 8b cb
  0x00007ff8be86f54c:   48 85 c0 75 1d 48 8b 03 48 8b 90 88 00 00 00 ff
  0x00007ff8be86f55c:   d2 48 8d 15 a4 36 03 00 48 8b cb e8 59 cb 00 00
  0x00007ff8be86f56c:   eb 22 4c 8b cf 4c 8b c0 48 8b d6 e8 24 b8 fa ff


Stack slot to memory mapping:

stack at sp + 0 slots: 0x00007ff8be8cc838 awt.dll
stack at sp + 1 slots: 0x0 is null
stack at sp + 2 slots: 0x0 is null
stack at sp + 3 slots: 0x000001ea9c8230a0 points into unknown readable memory: 0x00007ff8be89e930 | 30 e9 89 be f8 7f 00 00
stack at sp + 4 slots: 0x0 is null
stack at sp + 5 slots: 0x00007ff8be828b8b awt.dll
stack at sp + 6 slots: 0x0 is null
stack at sp + 7 slots: 0x000001ea9c5458d0 points into unknown readable memory: 0x000001ea9c89f7c0 | c0 f7 89 9c ea 01 00 00

Lock stack of current Java thread (top to bottom):

native method entry point (kind = native)  [0x000001ea8745cdc0, 0x000001ea8745d8b8]  2808 bytes
[MachCode]
  0x000001ea8745cdc0: 488b 4b08 | 0fb7 492e | 584c 8d74 | ccf8 6800 | 0000 0068 | 0000 0000 | 5055 488b | ec41 5548 
  0x000001ea8745cde0: 8b43 084c | 8d68 3848 | 8b40 0868 | 0000 0000 | 5348 8b50 | 1848 8b52 | 7048 8b12 | 5248 8b53 
  0x000001ea8745ce00: 1048 85d2 | 7407 4881 | c2d0 0000 | 0052 488b | 5010 5249 | 8bc6 482b | c548 c1e8 | 0350 6800 
  0x000001ea8745ce20: 0000 0068 | f7ff ffff | 41c6 87f1 | 0400 0001 | 488b 4310 | 4885 c074 | 208b 8890 | 0000 0083 
  0x000001ea8745ce40: c102 8988 | 9000 0000 | 2388 a400 | 0000 0f84 | b209 0000 | e9cf 0000 | 0048 8b43 | 1848 85c0 
  0x000001ea8745ce60: 0f85 b000 | 0000 e805 | 0000 00e9 | 9900 0000 | 488b d348 | 8d44 2408 | 4c89 6dc0 | 498b cfc5 
  0x000001ea8745ce80: f877 4989 | af38 0400 | 0049 8987 | 2804 0000 | 4883 ec20 | 40f6 c40f | 0f84 1900 | 0000 4883 
  0x000001ea8745cea0: ec08 48b8 | f026 eb88 | f87f 0000 | ffd0 4883 | c408 e90c | 0000 0048 | b8f0 26eb | 88f8 7f00 
  0x000001ea8745cec0: 00ff d048 | 83c4 2049 | c787 2804 | 0000 0000 | 0000 49c7 | 8738 0400 | 0000 0000 | 0049 c787 
  0x000001ea8745cee0: 3004 0000 | 0000 0000 | c5f8 7749 | 837f 0800 | 0f84 0500 | 0000 e9e5 | 42ff ff4c | 8b6d c04c 
  0x000001ea8745cf00: 8b75 c84e | 8d74 f500 | c348 8b43 | 1848 85c0 | 0f84 1200 | 0000 8b48 | 0883 c102 | 8948 0823 
  0x000001ea8745cf20: 482c 0f84 | de08 0000 | 493b a770 | 0500 000f | 8748 0000 | 0089 8424 | 00f0 ffff | 8984 2400 
  0x000001ea8745cf40: e0ff ff89 | 8424 00d0 | ffff 8984 | 2400 c0ff | ff89 8424 | 00b0 ffff | 8984 2400 | a0ff ff89 
  0x000001ea8745cf60: 8424 0090 | ffff 8984 | 2400 80ff | ff49 3ba7 | 6805 0000 | 7607 4989 | a770 0500 | 0041 c687 
  0x000001ea8745cf80: f104 0000 | 0048 8b5d | e84c 8b5b | 0845 0fb7 | 5b2e 41c1 | e303 492b | e348 83ec | 2048 83e4 
  0x000001ea8745cfa0: f04c 8b5b | 604d 85db | 0f85 ab00 | 0000 e805 | 0000 00e9 | 9900 0000 | 488b d348 | 8d44 2408 
  0x000001ea8745cfc0: 4c89 6dc0 | 498b cfc5 | f877 4989 | af38 0400 | 0049 8987 | 2804 0000 | 4883 ec20 | 40f6 c40f 
  0x000001ea8745cfe0: 0f84 1900 | 0000 4883 | ec08 48b8 | 2050 eb88 | f87f 0000 | ffd0 4883 | c408 e90c | 0000 0048 
  0x000001ea8745d000: b820 50eb | 88f8 7f00 | 00ff d048 | 83c4 2049 | c787 2804 | 0000 0000 | 0000 49c7 | 8738 0400 
  0x000001ea8745d020: 0000 0000 | 0049 c787 | 3004 0000 | 0000 0000 | c5f8 7749 | 837f 0800 | 0f84 0500 | 0000 e99d 
  0x000001ea8745d040: 41ff ff4c | 8b6d c04c | 8b75 c84e | 8d74 f500 | c348 8b5d | e84c 8b5b | 6041 ffd3 | 488b 5de8 
  0x000001ea8745d060: 4889 4518 | 440f b75b | 2c41 f6c3 | 080f 841b | 0000 004c | 8b5b 084d | 8b5b 084d | 8b5b 184d 
  0x000001ea8745d080: 8b5b 704d | 8b1b 4c89 | 5d10 488d | 5510 488b | 4358 49ba | c021 2689 | f87f 0000 | 493b c20f 
  0x000001ea8745d0a0: 85ab 0000 | 00e8 0500 | 0000 e999 | 0000 0048 | 8bd3 488d | 4424 084c | 896d c049 | 8bcf c5f8 
  0x000001ea8745d0c0: 7749 89af | 3804 0000 | 4989 8728 | 0400 0048 | 83ec 2040 | f6c4 0f0f | 8419 0000 | 0048 83ec 
  0x000001ea8745d0e0: 0848 b820 | 50eb 88f8 | 7f00 00ff | d048 83c4 | 08e9 0c00 | 0000 48b8 | 2050 eb88 | f87f 0000 
  0x000001ea8745d100: ffd0 4883 | c420 49c7 | 8728 0400 | 0000 0000 | 0049 c787 | 3804 0000 | 0000 0000 | 49c7 8730 
  0x000001ea8745d120: 0400 0000 | 0000 00c5 | f877 4983 | 7f08 000f | 8405 0000 | 00e9 a640 | ffff 4c8b | 6dc0 4c8b 
  0x000001ea8745d140: 75c8 4e8d | 74f5 00c3 | 488b 5de8 | 488b 4358 | 498d 8f48 | 0400 004c | 8d15 d500 | 0000 4d89 
  0x000001ea8745d160: 9730 0400 | 00c5 f877 | 4989 af38 | 0400 0049 | 89a7 2804 | 0000 41c7 | 87d4 0400 | 0004 0000 
  0x000001ea8745d180: 0049 3ba7 | c805 0000 | 7607 4989 | a7c8 0500 | 00ff d049 | 3ba7 c805 | 0000 720b | 49c7 87c8 
  0x000001ea8745d1a0: 0500 0000 | 0000 00c5 | f877 4883 | ec10 c5fb | 1104 2448 | 83ec 1048 | 8904 2448 | c744 2408 
  0x000001ea8745d1c0: 0000 0000 | 41c7 87d4 | 0400 0005 | 0000 00f0 | 8344 24c0 | 0049 3b6f | 280f 870e | 0000 0041 
  0x000001ea8745d1e0: 83bf d004 | 0000 000f | 8420 0000 | 0049 8bcf | 4c8b e448 | 83ec 2048 | 83e4 f048 | b850 b4ec 
  0x000001ea8745d200: 88f8 7f00 | 00ff d049 | 8be4 4d33 | e441 c787 | d404 0000 | 0800 0000 | 4d8b 97f0 | 0500 0049 
  0x000001ea8745d220: 83fa 0074 | 3549 c787 | f005 0000 | 0000 0000 | 41ff e249 | ba60 be45 | 87ea 0100 | 0041 ffd2 
  0x000001ea8745d240: 4883 ec10 | c5fb 1104 | 2448 83ec | 1048 8904 | 2448 c744 | 2408 0000 | 0000 49c7 | 8728 0400 
  0x000001ea8745d260: 0000 0000 | 0049 c787 | 3804 0000 | 0000 0000 | 49c7 8730 | 0400 0000 | 0000 00c5 | f877 4d8b 
  0x000001ea8745d280: 9fb8 0400 | 0041 c783 | 0001 0000 | 0000 0000 | 49bb 5aa7 | 4587 ea01 | 0000 4c3b | 5d18 0f85 
  0x000001ea8745d2a0: 5501 0000 | 488b 0424 | 4883 c410 | 4885 c00f | 842f 0100 | 00a8 030f | 8508 0000 | 0048 8b00 
  0x000001ea8745d2c0: e91f 0100 | 00a8 010f | 8509 0000 | 0048 8b40 | fee9 0e01 | 0000 488b | 40ff 4180 | 7f48 000f 
  0x000001ea8745d2e0: 84ff 0000 | 0048 83f8 | 000f 84f5 | 0000 004d | 8b5f 384d | 85db 0f84 | 1400 0000 | 4983 eb08 
  0x000001ea8745d300: 4d89 5f38 | 4d03 5f40 | 4989 03e9 | d400 0000 | 4883 ec70 | 4889 0424 | 4889 4c24 | 0848 8954 
  0x000001ea8745d320: 2410 4c89 | 4424 184c | 894c 2420 | 4c89 5424 | 284c 895c | 2430 c5fb | 1144 2440 | c5fb 114c 
  0x000001ea8745d340: 2448 c5fb | 1154 2450 | c5fb 115c | 2458 c5fb | 1164 2460 | c5fb 116c | 2468 498b | d748 8bc8 
  0x000001ea8745d360: 4883 ec20 | 40f6 c40f | 0f84 1900 | 0000 4883 | ec08 48b8 | 3079 df88 | f87f 0000 | ffd0 4883 
  0x000001ea8745d380: c408 e90c | 0000 0048 | b830 79df | 88f8 7f00 | 00ff d048 | 83c4 20c5 | fb10 6c24 | 68c5 fb10 
  0x000001ea8745d3a0: 6424 60c5 | fb10 5c24 | 58c5 fb10 | 5424 50c5 | fb10 4c24 | 48c5 fb10 | 4424 404c | 8b5c 2430 
  0x000001ea8745d3c0: 4c8b 5424 | 284c 8b4c | 2420 4c8b | 4424 1848 | 8b54 2410 | 488b 4c24 | 0848 8b04 | 2448 83c4 
  0x000001ea8745d3e0: 70c5 f877 | 4889 4510 | 4883 ec10 | 4889 0424 | 48c7 4424 | 0800 0000 | 0041 83bf | 5005 0000 
  0x000001ea8745d400: 020f 85bf | 0000 0048 | 81ec 8000 | 0000 4889 | 4424 7848 | 894c 2470 | 4889 5424 | 6848 895c 
  0x000001ea8745d420: 2460 4889 | 6c24 5048 | 8974 2448 | 4889 7c24 | 404c 8944 | 2438 4c89 | 4c24 304c | 8954 2428 
  0x000001ea8745d440: 4c89 5c24 | 204c 8964 | 2418 4c89 | 6c24 104c | 8974 2408 | 4c89 3c24 | 4c8b e448 | 83ec 2048 
  0x000001ea8745d460: 83e4 f048 | b830 0926 | 89f8 7f00 | 00ff d049 | 8be4 4c8b | 3c24 4c8b | 7424 084c | 8b6c 2410 
  0x000001ea8745d480: 4c8b 6424 | 184c 8b5c | 2420 4c8b | 5424 284c | 8b4c 2430 | 4c8b 4424 | 3848 8b7c | 2440 488b 
  0x000001ea8745d4a0: 7424 4848 | 8b6c 2450 | 488b 5c24 | 6048 8b54 | 2468 488b | 4c24 7048 | 8b44 2478 | 4881 c480 
  0x000001ea8745d4c0: 0000 004d | 33e4 488b | 5de8 4c8b | 6b08 4d8d | 6d38 4983 | 7f08 000f | 84bb 0000 | 00e8 0500 
  0x000001ea8745d4e0: 0000 e996 | 0000 0048 | 8d44 2408 | 4c89 6dc0 | 498b cfc5 | f877 4989 | af38 0400 | 0049 8987 
  0x000001ea8745d500: 2804 0000 | 4883 ec20 | 40f6 c40f | 0f84 1900 | 0000 4883 | ec08 48b8 | 606e eb88 | f87f 0000 
  0x000001ea8745d520: ffd0 4883 | c408 e90c | 0000 0048 | b860 6eeb | 88f8 7f00 | 00ff d048 | 83c4 2049 | c787 2804 
  0x000001ea8745d540: 0000 0000 | 0000 49c7 | 8738 0400 | 0000 0000 | 0049 c787 | 3004 0000 | 0000 0000 | c5f8 7749 
  0x000001ea8745d560: 837f 0800 | 0f84 0500 | 0000 e971 | 3cff ff4c | 8b6d c04c | 8b75 c84e | 8d74 f500 | c348 b968 
  0x000001ea8745d580: 184f 89f8 | 7f00 0048 | 83e4 f048 | b8c0 9c12 | 89f8 7f00 | 00ff d0f4 | 440f b75b | 2c41 f6c3 
  0x000001ea8745d5a0: 200f 8472 | 0100 0048 | 8d55 a84c | 8b5a 084d | 85db 0f85 | bb00 0000 | e805 0000 | 00e9 9600 
  0x000001ea8745d5c0: 0000 488d | 4424 084c | 896d c049 | 8bcf c5f8 | 7749 89af | 3804 0000 | 4989 8728 | 0400 0048 
  0x000001ea8745d5e0: 83ec 2040 | f6c4 0f0f | 8419 0000 | 0048 83ec | 0848 b890 | 6deb 88f8 | 7f00 00ff | d048 83c4 
  0x000001ea8745d600: 08e9 0c00 | 0000 48b8 | 906d eb88 | f87f 0000 | ffd0 4883 | c420 49c7 | 8728 0400 | 0000 0000 
  0x000001ea8745d620: 0049 c787 | 3804 0000 | 0000 0000 | 49c7 8730 | 0400 0000 | 0000 00c5 | f877 4983 | 7f08 000f 
  0x000001ea8745d640: 8405 0000 | 00e9 963b | ffff 4c8b | 6dc0 4c8b | 75c8 4e8d | 74f5 00c3 | 48b9 6818 | 4f89 f87f 
  0x000001ea8745d660: 0000 4883 | e4f0 48b8 | c09c 1289 | f87f 0000 | ffd0 f44c | 896d c04c | 8b4a 0848 | c742 0800 
  0x000001ea8745d680: 0000 0045 | 8b87 d806 | 0000 4f3b | 4c07 f80f | 8542 0000 | 0041 83af | d806 0000 | 084f 3b4c 
  0x000001ea8745d6a0: 07f0 0f84 | 2a00 0000 | 498b 01a8 | 020f 8512 | 0000 004c | 8bc0 4983 | c801 f04d | 0fb1 010f 
  0x000001ea8745d6c0: 840d 0000 | 0041 8387 | d806 0000 | 08e9 0500 | 0000 e93e | 0000 004c | 894a 0848 | 8bca 4883 
  0x000001ea8745d6e0: ec20 40f6 | c40f 0f84 | 1900 0000 | 4883 ec08 | 48b8 e03f | eb88 f87f | 0000 ffd0 | 4883 c408 
  0x000001ea8745d700: e90c 0000 | 0048 b8e0 | 3feb 88f8 | 7f00 00ff | d048 83c4 | 204c 8b6d | c041 c687 | 9603 0000 
  0x000001ea8745d720: 0149 3b6f | 280f 8705 | 0000 00e9 | ab00 0000 | 4883 ec10 | c5fb 1104 | 2448 83ec | 1048 8904 
  0x000001ea8745d740: 2448 c744 | 2408 0000 | 0000 c5f8 | 7749 89af | 3804 0000 | 49ba 4ad7 | 4587 ea01 | 0000 4d89 
  0x000001ea8745d760: 9730 0400 | 0049 89a7 | 2804 0000 | 498b cf48 | 83ec 2040 | f6c4 0f0f | 8419 0000 | 0048 83ec 
  0x000001ea8745d780: 0848 b880 | 26eb 88f8 | 7f00 00ff | d048 83c4 | 08e9 0c00 | 0000 48b8 | 8026 eb88 | f87f 0000 
  0x000001ea8745d7a0: ffd0 4883 | c420 49c7 | 8728 0400 | 0000 0000 | 0049 c787 | 3804 0000 | 0000 0000 | 49c7 8730 
  0x000001ea8745d7c0: 0400 0000 | 0000 00c5 | f877 488b | 0424 4883 | c410 c5fb | 1004 2448 | 83c4 1048 | 8b04 2448 
  0x000001ea8745d7e0: 83c4 10c5 | fb10 0424 | 4883 c410 | 4c8b 5d18 | 41ff d34c | 8b5d f8c9 | 41c6 8796 | 0300 0000 
  0x000001ea8745d800: 5f49 8be3 | ffe7 ba00 | 0000 00e8 | 0500 0000 | e996 0000 | 0048 8d44 | 2408 4c89 | 6dc0 498b 
  0x000001ea8745d820: cfc5 f877 | 4989 af38 | 0400 0049 | 8987 2804 | 0000 4883 | ec20 40f6 | c40f 0f84 | 1900 0000 
  0x000001ea8745d840: 4883 ec08 | 48b8 d035 | eb88 f87f | 0000 ffd0 | 4883 c408 | e90c 0000 | 0048 b8d0 | 35eb 88f8 
  0x000001ea8745d860: 7f00 00ff | d048 83c4 | 2049 c787 | 2804 0000 | 0000 0000 | 49c7 8738 | 0400 0000 | 0000 0049 
  0x000001ea8745d880: c787 3004 | 0000 0000 | 0000 c5f8 | 7749 837f | 0800 0f84 | 0500 0000 | e943 39ff | ff4c 8b6d 
  0x000001ea8745d8a0: c04c 8b75 | c84e 8d74 | f500 c348 | 8b5d e8e9 | 74f6 ffff | 0f1f 4000 
[/MachCode]

---------------  P R O C E S S  ---------------

Threads class SMR info:
_java_thread_list=0x000001ea9c53f730, length=18, elements={
0x000001eafdded8f0, 0x000001eafddf24c0, 0x000001eafddf8370, 0x000001eafddf8f30,
0x000001eafddfa8e0, 0x000001eafde07ad0, 0x000001eafde31550, 0x000001eafde3ad00,
0x000001ea97bc4300, 0x000001ea97bd50d0, 0x000001ea9c247430, 0x000001ea9c4f5890,
0x000001ea9c4f8e60, 0x000001ea9c8262b0, 0x000001ea9c1b5c60, 0x000001ea9c8ac6e0,
0x000001ea9c72fdf0, 0x000001ea9c731560
}

Java Threads: ( => current thread )
  0x000001eafdded8f0 JavaThread "Reference Handler"          daemon [_thread_blocked, id=22460, stack(0x000000664b600000,0x000000664b700000) (1024K)]
  0x000001eafddf24c0 JavaThread "Finalizer"                  daemon [_thread_blocked, id=2336, stack(0x000000664b700000,0x000000664b800000) (1024K)]
  0x000001eafddf8370 JavaThread "Signal Dispatcher"          daemon [_thread_blocked, id=14412, stack(0x000000664b800000,0x000000664b900000) (1024K)]
  0x000001eafddf8f30 JavaThread "Attach Listener"            daemon [_thread_blocked, id=17364, stack(0x000000664b900000,0x000000664ba00000) (1024K)]
  0x000001eafddfa8e0 JavaThread "Service Thread"             daemon [_thread_blocked, id=17500, stack(0x000000664ba00000,0x000000664bb00000) (1024K)]
  0x000001eafde07ad0 JavaThread "Monitor Deflation Thread"   daemon [_thread_blocked, id=9804, stack(0x000000664bb00000,0x000000664bc00000) (1024K)]
  0x000001eafde31550 JavaThread "C2 CompilerThread0"         daemon [_thread_blocked, id=9184, stack(0x000000664bc00000,0x000000664bd00000) (1024K)]
  0x000001eafde3ad00 JavaThread "C1 CompilerThread0"         daemon [_thread_blocked, id=19904, stack(0x000000664bd00000,0x000000664be00000) (1024K)]
  0x000001ea97bc4300 JavaThread "Notification Thread"        daemon [_thread_blocked, id=9000, stack(0x000000664be00000,0x000000664bf00000) (1024K)]
  0x000001ea97bd50d0 JavaThread "Common-Cleaner"             daemon [_thread_blocked, id=33220, stack(0x000000664bf00000,0x000000664c000000) (1024K)]
  0x000001ea9c247430 JavaThread "Java2D Disposer"            daemon [_thread_blocked, id=30124, stack(0x000000664c200000,0x000000664c300000) (1024K)]
  0x000001ea9c4f5890 JavaThread "AWT-Shutdown"                      [_thread_blocked, id=32024, stack(0x000000664c300000,0x000000664c400000) (1024K)]
=>0x000001ea9c4f8e60 JavaThread "AWT-Windows"                daemon [_thread_in_native, id=33484, stack(0x000000664c400000,0x000000664c500000) (1024K)]
  0x000001ea9c8262b0 JavaThread "AWT-EventQueue-0"                  [_thread_blocked, id=22512, stack(0x000000664c500000,0x000000664c600000) (1024K)]
  0x000001ea9c1b5c60 JavaThread "TimerQueue"                 daemon [_thread_blocked, id=31868, stack(0x000000664c600000,0x000000664c700000) (1024K)]
  0x000001ea9c8ac6e0 JavaThread "Java Sound Event Dispatcher" daemon [_thread_blocked, id=29444, stack(0x000000664c900000,0x000000664ca00000) (1024K)]
  0x000001ea9c72fdf0 JavaThread "DestroyJavaVM"                     [_thread_blocked, id=27412, stack(0x000000664ae00000,0x000000664af00000) (1024K)]
  0x000001ea9c731560 JavaThread "Direct Clip"                daemon [_thread_blocked, id=36404, stack(0x000000664cd00000,0x000000664ce00000) (1024K)]
Total: 18

Other Threads:
  0x000001eafdddea60 VMThread "VM Thread"                           [id=24068, stack(0x000000664b500000,0x000000664b600000) (1024K)]
  0x000001ea97b119e0 WatcherThread "VM Periodic Task Thread"        [id=9484, stack(0x000000664b400000,0x000000664b500000) (1024K)]
  0x000001eaf2c4deb0 WorkerThread "GC Thread#0"                     [id=28568, stack(0x000000664af00000,0x000000664b000000) (1024K)]
  0x000001ea9c78be40 WorkerThread "GC Thread#1"                     [id=3516, stack(0x000000664ce00000,0x000000664cf00000) (1024K)]
  0x000001ea9c78c270 WorkerThread "GC Thread#2"                     [id=19212, stack(0x000000664cf00000,0x000000664d000000) (1024K)]
  0x000001ea9c78c6a0 WorkerThread "GC Thread#3"                     [id=18332, stack(0x000000664d000000,0x000000664d100000) (1024K)]
  0x000001ea9c78cad0 WorkerThread "GC Thread#4"                     [id=4152, stack(0x000000664d100000,0x000000664d200000) (1024K)]
  0x000001ea9c78cf00 WorkerThread "GC Thread#5"                     [id=21708, stack(0x000000664d200000,0x000000664d300000) (1024K)]
  0x000001ea9c78db40 WorkerThread "GC Thread#6"                     [id=30888, stack(0x000000664d300000,0x000000664d400000) (1024K)]
  0x000001ea9c78df70 WorkerThread "GC Thread#7"                     [id=32568, stack(0x000000664d400000,0x000000664d500000) (1024K)]
  0x000001ea9c78e3a0 WorkerThread "GC Thread#8"                     [id=32996, stack(0x000000664d500000,0x000000664d600000) (1024K)]
  0x000001ea9c78e7d0 WorkerThread "GC Thread#9"                     [id=12716, stack(0x000000664d600000,0x000000664d700000) (1024K)]
  0x000001ea9c3046a0 WorkerThread "GC Thread#10"                    [id=35396, stack(0x000000664d700000,0x000000664d800000) (1024K)]
  0x000001ea9c301fd0 WorkerThread "GC Thread#11"                    [id=21508, stack(0x000000664d800000,0x000000664d900000) (1024K)]
  0x000001ea9d7eb480 WorkerThread "GC Thread#12"                    [id=29236, stack(0x000000664dc00000,0x000000664dd00000) (1024K)]
  0x000001eafdc9bf20 ConcurrentGCThread "G1 Main Marker"            [id=25640, stack(0x000000664b000000,0x000000664b100000) (1024K)]
  0x000001eafdc9e3a0 WorkerThread "G1 Conc#0"                       [id=3728, stack(0x000000664b100000,0x000000664b200000) (1024K)]
  0x000001ea9c303e00 WorkerThread "G1 Conc#1"                       [id=26556, stack(0x000000664d900000,0x000000664da00000) (1024K)]
  0x000001ea9c302cc0 WorkerThread "G1 Conc#2"                       [id=16264, stack(0x000000664da00000,0x000000664db00000) (1024K)]
  0x000001eafdd0b6c0 ConcurrentGCThread "G1 Refine#0"               [id=28140, stack(0x000000664b200000,0x000000664b300000) (1024K)]
  0x000001eafdd0bf80 ConcurrentGCThread "G1 Service"                [id=31888, stack(0x000000664b300000,0x000000664b400000) (1024K)]
Total: 21

Threads with active compile tasks:
Total: 0

VM state: not at safepoint (normal execution)

VM Mutex/Monitor currently owned by a thread: None

Heap address: 0x0000000609000000, size: 8048 MB, Compressed Oops mode: Zero based, Oop shift amount: 3

CDS archive(s) mapped at: [0x0000000012000000-0x0000000012dd0000-0x0000000012dd0000), size 14483456, SharedBaseAddress: 0x0000000012000000, ArchiveRelocationMode: 1.
Compressed class space mapped at: 0x0000000013000000-0x0000000053000000, reserved size: 1073741824
UseCompressedClassPointers 1, UseCompactObjectHeaders 0
Narrow klass pointer bits 32, Max shift 3
Narrow klass base: 0x0000000012000000, Narrow klass shift: 0
Encoding Range: [0x0000000012000000 - 0x0000000112000000), (4294967296 bytes)
Klass Range:    [0x0000000012010000 - 0x0000000053000000), (1090453504 bytes)
Klass ID Range:  [65536 - 1090519033) (1090453497)
Protection zone: [0x0000000012000000 - 0x0000000012010000), (65536 bytes)

GC Precious Log:
 CardTable entry size: 512
 Card Set container configuration: InlinePtr #cards 4 size 8 Array Of Cards #cards 32 size 80 Howl #buckets 8 coarsen threshold 7372 Howl Bitmap #cards 1024 size 144 coarsen threshold 921 Card regions per heap region 1 cards per card region 8192
 CPUs: 16 total, 16 available
 Memory: 32188M
 Large Page Support: Disabled
 NUMA Support: Disabled
 Compressed Oops: Enabled (Zero based)
 Heap Region Size: 4M
 Heap Min Capacity: 8M
 Heap Initial Capacity: 504M
 Heap Max Capacity: 8048M
 Pre-touch: Disabled
 Parallel Workers: 13
 Concurrent Workers: 3
 Concurrent Refinement Workers: 13
 Periodic GC: Disabled

Heap:
 garbage-first heap   total reserved 8241152K, committed 761856K, used 328523K [0x0000000609000000, 0x0000000800000000)
  region size 4096K, 17 young (69632K), 9 survivors (36864K)

Heap Regions: E=young(eden), S=young(survivor), O=old, HS=humongous(starts), HC=humongous(continues), CS=collection set, F=free, TAMS=top-at-mark-start, PB=parsable bottom
|   0|0x0000000609000000, 0x0000000609400000, 0x0000000609400000|100%| O|  |TAMS 0x0000000609000000| PB 0x0000000609000000| Untracked |  0
|   1|0x0000000609400000, 0x0000000609800000, 0x0000000609800000|100%| O|  |TAMS 0x0000000609400000| PB 0x0000000609400000| Untracked |  0
|   2|0x0000000609800000, 0x0000000609c00000, 0x0000000609c00000|100%| O|  |TAMS 0x0000000609800000| PB 0x0000000609800000| Untracked |  0
|   3|0x0000000609c00000, 0x000000060a000000, 0x000000060a000000|100%| O|  |TAMS 0x0000000609c00000| PB 0x0000000609c00000| Untracked |  0
|   4|0x000000060a000000, 0x000000060a400000, 0x000000060a400000|100%| O|  |TAMS 0x000000060a000000| PB 0x000000060a000000| Untracked |  0
|   5|0x000000060a400000, 0x000000060a800000, 0x000000060a800000|100%| O|  |TAMS 0x000000060a400000| PB 0x000000060a400000| Untracked |  0
|   6|0x000000060a800000, 0x000000060ac00000, 0x000000060ac00000|100%| O|  |TAMS 0x000000060a800000| PB 0x000000060a800000| Untracked |  0
|   7|0x000000060ac00000, 0x000000060b000000, 0x000000060b000000|100%| O|  |TAMS 0x000000060ac00000| PB 0x000000060ac00000| Untracked |  0
|   8|0x000000060b000000, 0x000000060b400000, 0x000000060b400000|100%| O|  |TAMS 0x000000060b000000| PB 0x000000060b000000| Untracked |  0
|   9|0x000000060b400000, 0x000000060b800000, 0x000000060b800000|100%| O|  |TAMS 0x000000060b400000| PB 0x000000060b400000| Untracked |  0
|  10|0x000000060b800000, 0x000000060bc00000, 0x000000060bc00000|100%| O|  |TAMS 0x000000060b800000| PB 0x000000060b800000| Untracked |  0
|  11|0x000000060bc00000, 0x000000060c000000, 0x000000060c000000|100%| O|  |TAMS 0x000000060bc00000| PB 0x000000060bc00000| Untracked |  0
|  12|0x000000060c000000, 0x000000060c400000, 0x000000060c400000|100%| O|  |TAMS 0x000000060c000000| PB 0x000000060c000000| Untracked |  0
|  13|0x000000060c400000, 0x000000060c800000, 0x000000060c800000|100%| O|  |TAMS 0x000000060c400000| PB 0x000000060c400000| Untracked |  0
|  14|0x000000060c800000, 0x000000060cc00000, 0x000000060cc00000|100%| O|  |TAMS 0x000000060c800000| PB 0x000000060c800000| Untracked |  0
|  15|0x000000060cc00000, 0x000000060d000000, 0x000000060d000000|100%| O|  |TAMS 0x000000060cc00000| PB 0x000000060cc00000| Untracked |  0
|  16|0x000000060d000000, 0x000000060d3c21c0, 0x000000060d400000| 93%| O|  |TAMS 0x000000060d000000| PB 0x000000060d000000| Untracked |  0
|  17|0x000000060d400000, 0x000000060d800000, 0x000000060d800000|100%|HS|  |TAMS 0x000000060d400000| PB 0x000000060d400000| Complete |  0
|  18|0x000000060d800000, 0x000000060dc00000, 0x000000060dc00000|100%|HS|  |TAMS 0x000000060d800000| PB 0x000000060d800000| Complete |  0
|  19|0x000000060dc00000, 0x000000060dc00000, 0x000000060e000000|  0%| F|  |TAMS 0x000000060dc00000| PB 0x000000060dc00000| Untracked |  0
|  20|0x000000060e000000, 0x000000060e000000, 0x000000060e400000|  0%| F|  |TAMS 0x000000060e000000| PB 0x000000060e000000| Untracked |  0
|  21|0x000000060e400000, 0x000000060e400000, 0x000000060e800000|  0%| F|  |TAMS 0x000000060e400000| PB 0x000000060e400000| Untracked |  0
|  22|0x000000060e800000, 0x000000060e800000, 0x000000060ec00000|  0%| F|  |TAMS 0x000000060e800000| PB 0x000000060e800000| Untracked |  0
|  23|0x000000060ec00000, 0x000000060f000000, 0x000000060f000000|100%| O|  |TAMS 0x000000060ec00000| PB 0x000000060ec00000| Untracked |  0
|  24|0x000000060f000000, 0x000000060f400000, 0x000000060f400000|100%| O|  |TAMS 0x000000060f000000| PB 0x000000060f000000| Untracked |  0
|  25|0x000000060f400000, 0x000000060f800000, 0x000000060f800000|100%| O|  |TAMS 0x000000060f400000| PB 0x000000060f400000| Untracked |  0
|  26|0x000000060f800000, 0x000000060fc00000, 0x000000060fc00000|100%| O|  |TAMS 0x000000060f800000| PB 0x000000060f800000| Untracked |  0
|  27|0x000000060fc00000, 0x0000000610000000, 0x0000000610000000|100%| O|  |TAMS 0x000000060fc00000| PB 0x000000060fc00000| Untracked |  0
|  28|0x0000000610000000, 0x0000000610400000, 0x0000000610400000|100%| O|  |TAMS 0x0000000610000000| PB 0x0000000610000000| Untracked |  0
|  29|0x0000000610400000, 0x0000000610800000, 0x0000000610800000|100%| O|  |TAMS 0x0000000610400000| PB 0x0000000610400000| Untracked |  0
|  30|0x0000000610800000, 0x0000000610c00000, 0x0000000610c00000|100%|HS|  |TAMS 0x0000000610800000| PB 0x0000000610800000| Complete |  0
|  31|0x0000000610c00000, 0x0000000611000000, 0x0000000611000000|100%| O|  |TAMS 0x0000000610c00000| PB 0x0000000610c00000| Untracked |  0
|  32|0x0000000611000000, 0x0000000611400000, 0x0000000611400000|100%|HS|  |TAMS 0x0000000611000000| PB 0x0000000611000000| Complete |  0
|  33|0x0000000611400000, 0x0000000611800000, 0x0000000611800000|100%|HC|  |TAMS 0x0000000611400000| PB 0x0000000611400000| Complete |  0
|  34|0x0000000611800000, 0x0000000611c00000, 0x0000000611c00000|100%|HC|  |TAMS 0x0000000611800000| PB 0x0000000611800000| Complete |  0
|  35|0x0000000611c00000, 0x0000000612000000, 0x0000000612000000|100%|HC|  |TAMS 0x0000000611c00000| PB 0x0000000611c00000| Complete |  0
|  36|0x0000000612000000, 0x0000000612400000, 0x0000000612400000|100%|HC|  |TAMS 0x0000000612000000| PB 0x0000000612000000| Complete |  0
|  37|0x0000000612400000, 0x0000000612800000, 0x0000000612800000|100%|HC|  |TAMS 0x0000000612400000| PB 0x0000000612400000| Complete |  0
|  38|0x0000000612800000, 0x0000000612c00000, 0x0000000612c00000|100%|HC|  |TAMS 0x0000000612800000| PB 0x0000000612800000| Complete |  0
|  39|0x0000000612c00000, 0x0000000613000000, 0x0000000613000000|100%|HC|  |TAMS 0x0000000612c00000| PB 0x0000000612c00000| Complete |  0
|  40|0x0000000613000000, 0x0000000613400000, 0x0000000613400000|100%|HC|  |TAMS 0x0000000613000000| PB 0x0000000613000000| Complete |  0
|  41|0x0000000613400000, 0x0000000613800000, 0x0000000613800000|100%| O|  |TAMS 0x0000000613400000| PB 0x0000000613400000| Untracked |  0
|  42|0x0000000613800000, 0x0000000613c00000, 0x0000000613c00000|100%| O|  |TAMS 0x0000000613800000| PB 0x0000000613800000| Untracked |  0
|  43|0x0000000613c00000, 0x0000000614000000, 0x0000000614000000|100%| O|  |TAMS 0x0000000613c00000| PB 0x0000000613c00000| Untracked |  0
|  44|0x0000000614000000, 0x0000000614000000, 0x0000000614400000|  0%| F|  |TAMS 0x0000000614000000| PB 0x0000000614000000| Untracked |  0
|  45|0x0000000614400000, 0x0000000614800000, 0x0000000614800000|100%| O|  |TAMS 0x0000000614400000| PB 0x0000000614400000| Untracked |  0
|  46|0x0000000614800000, 0x0000000614c00000, 0x0000000614c00000|100%|HS|  |TAMS 0x0000000614800000| PB 0x0000000614800000| Complete |  0
|  47|0x0000000614c00000, 0x0000000615000000, 0x0000000615000000|100%|HC|  |TAMS 0x0000000614c00000| PB 0x0000000614c00000| Complete |  0
|  48|0x0000000615000000, 0x0000000615400000, 0x0000000615400000|100%|HC|  |TAMS 0x0000000615000000| PB 0x0000000615000000| Complete |  0
|  49|0x0000000615400000, 0x0000000615800000, 0x0000000615800000|100%|HC|  |TAMS 0x0000000615400000| PB 0x0000000615400000| Complete |  0
|  50|0x0000000615800000, 0x0000000615c00000, 0x0000000615c00000|100%|HC|  |TAMS 0x0000000615800000| PB 0x0000000615800000| Complete |  0
|  51|0x0000000615c00000, 0x0000000616000000, 0x0000000616000000|100%|HC|  |TAMS 0x0000000615c00000| PB 0x0000000615c00000| Complete |  0
|  52|0x0000000616000000, 0x0000000616400000, 0x0000000616400000|100%|HC|  |TAMS 0x0000000616000000| PB 0x0000000616000000| Complete |  0
|  53|0x0000000616400000, 0x0000000616800000, 0x0000000616800000|100%|HS|  |TAMS 0x0000000616400000| PB 0x0000000616400000| Complete |  0
|  54|0x0000000616800000, 0x0000000616c00000, 0x0000000616c00000|100%|HC|  |TAMS 0x0000000616800000| PB 0x0000000616800000| Complete |  0
|  55|0x0000000616c00000, 0x0000000617000000, 0x0000000617000000|100%|HC|  |TAMS 0x0000000616c00000| PB 0x0000000616c00000| Complete |  0
|  56|0x0000000617000000, 0x0000000617400000, 0x0000000617400000|100%|HC|  |TAMS 0x0000000617000000| PB 0x0000000617000000| Complete |  0
|  57|0x0000000617400000, 0x0000000617800000, 0x0000000617800000|100%|HC|  |TAMS 0x0000000617400000| PB 0x0000000617400000| Complete |  0
|  58|0x0000000617800000, 0x0000000617c00000, 0x0000000617c00000|100%|HC|  |TAMS 0x0000000617800000| PB 0x0000000617800000| Complete |  0
|  59|0x0000000617c00000, 0x0000000618000000, 0x0000000618000000|100%|HC|  |TAMS 0x0000000617c00000| PB 0x0000000617c00000| Complete |  0
|  60|0x0000000618000000, 0x0000000618400000, 0x0000000618400000|100%|HC|  |TAMS 0x0000000618000000| PB 0x0000000618000000| Complete |  0
|  61|0x0000000618400000, 0x0000000618800000, 0x0000000618800000|100%|HC|  |TAMS 0x0000000618400000| PB 0x0000000618400000| Complete |  0
|  62|0x0000000618800000, 0x0000000618800000, 0x0000000618c00000|  0%| F|  |TAMS 0x0000000618800000| PB 0x0000000618800000| Untracked |  0
|  63|0x0000000618c00000, 0x0000000618c00000, 0x0000000619000000|  0%| F|  |TAMS 0x0000000618c00000| PB 0x0000000618c00000| Untracked |  0
|  64|0x0000000619000000, 0x0000000619000000, 0x0000000619400000|  0%| F|  |TAMS 0x0000000619000000| PB 0x0000000619000000| Untracked |  0
|  65|0x0000000619400000, 0x0000000619400000, 0x0000000619800000|  0%| F|  |TAMS 0x0000000619400000| PB 0x0000000619400000| Untracked |  0
|  66|0x0000000619800000, 0x0000000619800000, 0x0000000619c00000|  0%| F|  |TAMS 0x0000000619800000| PB 0x0000000619800000| Untracked |  0
|  67|0x0000000619c00000, 0x0000000619c00000, 0x000000061a000000|  0%| F|  |TAMS 0x0000000619c00000| PB 0x0000000619c00000| Untracked |  0
|  68|0x000000061a000000, 0x000000061a000000, 0x000000061a400000|  0%| F|  |TAMS 0x000000061a000000| PB 0x000000061a000000| Untracked |  0
|  69|0x000000061a400000, 0x000000061a400000, 0x000000061a800000|  0%| F|  |TAMS 0x000000061a400000| PB 0x000000061a400000| Untracked |  0
|  70|0x000000061a800000, 0x000000061a800000, 0x000000061ac00000|  0%| F|  |TAMS 0x000000061a800000| PB 0x000000061a800000| Untracked |  0
|  71|0x000000061ac00000, 0x000000061ac00000, 0x000000061b000000|  0%| F|  |TAMS 0x000000061ac00000| PB 0x000000061ac00000| Untracked |  0
|  72|0x000000061b000000, 0x000000061b000000, 0x000000061b400000|  0%| F|  |TAMS 0x000000061b000000| PB 0x000000061b000000| Untracked |  0
|  73|0x000000061b400000, 0x000000061b400000, 0x000000061b800000|  0%| F|  |TAMS 0x000000061b400000| PB 0x000000061b400000| Untracked |  0
|  74|0x000000061b800000, 0x000000061b800000, 0x000000061bc00000|  0%| F|  |TAMS 0x000000061b800000| PB 0x000000061b800000| Untracked |  0
|  75|0x000000061bc00000, 0x000000061bc00000, 0x000000061c000000|  0%| F|  |TAMS 0x000000061bc00000| PB 0x000000061bc00000| Untracked |  0
|  76|0x000000061c000000, 0x000000061c000000, 0x000000061c400000|  0%| F|  |TAMS 0x000000061c000000| PB 0x000000061c000000| Untracked |  0
|  77|0x000000061c400000, 0x000000061c400000, 0x000000061c800000|  0%| F|  |TAMS 0x000000061c400000| PB 0x000000061c400000| Untracked |  0
|  78|0x000000061c800000, 0x000000061c800000, 0x000000061cc00000|  0%| F|  |TAMS 0x000000061c800000| PB 0x000000061c800000| Untracked |  0
|  79|0x000000061cc00000, 0x000000061cc00000, 0x000000061d000000|  0%| F|  |TAMS 0x000000061cc00000| PB 0x000000061cc00000| Untracked |  0
|  80|0x000000061d000000, 0x000000061d000000, 0x000000061d400000|  0%| F|  |TAMS 0x000000061d000000| PB 0x000000061d000000| Untracked |  0
|  81|0x000000061d400000, 0x000000061d400000, 0x000000061d800000|  0%| F|  |TAMS 0x000000061d400000| PB 0x000000061d400000| Untracked |  0
|  82|0x000000061d800000, 0x000000061d800000, 0x000000061dc00000|  0%| F|  |TAMS 0x000000061d800000| PB 0x000000061d800000| Untracked |  0
|  83|0x000000061dc00000, 0x000000061dc00000, 0x000000061e000000|  0%| F|  |TAMS 0x000000061dc00000| PB 0x000000061dc00000| Untracked |  0
|  84|0x000000061e000000, 0x000000061e000000, 0x000000061e400000|  0%| F|  |TAMS 0x000000061e000000| PB 0x000000061e000000| Untracked |  0
|  85|0x000000061e400000, 0x000000061e400000, 0x000000061e800000|  0%| F|  |TAMS 0x000000061e400000| PB 0x000000061e400000| Untracked |  0
|  86|0x000000061e800000, 0x000000061e800000, 0x000000061ec00000|  0%| F|  |TAMS 0x000000061e800000| PB 0x000000061e800000| Untracked |  0
|  87|0x000000061ec00000, 0x000000061ec00000, 0x000000061f000000|  0%| F|  |TAMS 0x000000061ec00000| PB 0x000000061ec00000| Untracked |  0
|  88|0x000000061f000000, 0x000000061f000000, 0x000000061f400000|  0%| F|  |TAMS 0x000000061f000000| PB 0x000000061f000000| Untracked |  0
|  89|0x000000061f400000, 0x000000061f400000, 0x000000061f800000|  0%| F|  |TAMS 0x000000061f400000| PB 0x000000061f400000| Untracked |  0
|  90|0x000000061f800000, 0x000000061f800000, 0x000000061fc00000|  0%| F|  |TAMS 0x000000061f800000| PB 0x000000061f800000| Untracked |  0
|  91|0x000000061fc00000, 0x000000061fc00000, 0x0000000620000000|  0%| F|  |TAMS 0x000000061fc00000| PB 0x000000061fc00000| Untracked |  0
|  92|0x0000000620000000, 0x0000000620000000, 0x0000000620400000|  0%| F|  |TAMS 0x0000000620000000| PB 0x0000000620000000| Untracked |  0
|  93|0x0000000620400000, 0x0000000620400000, 0x0000000620800000|  0%| F|  |TAMS 0x0000000620400000| PB 0x0000000620400000| Untracked |  0
|  94|0x0000000620800000, 0x0000000620800000, 0x0000000620c00000|  0%| F|  |TAMS 0x0000000620800000| PB 0x0000000620800000| Untracked |  0
|  95|0x0000000620c00000, 0x0000000620c00000, 0x0000000621000000|  0%| F|  |TAMS 0x0000000620c00000| PB 0x0000000620c00000| Untracked |  0
|  96|0x0000000621000000, 0x0000000621000000, 0x0000000621400000|  0%| F|  |TAMS 0x0000000621000000| PB 0x0000000621000000| Untracked |  0
|  97|0x0000000621400000, 0x0000000621400000, 0x0000000621800000|  0%| F|  |TAMS 0x0000000621400000| PB 0x0000000621400000| Untracked |  0
|  98|0x0000000621800000, 0x0000000621800000, 0x0000000621c00000|  0%| F|  |TAMS 0x0000000621800000| PB 0x0000000621800000| Untracked |  0
|  99|0x0000000621c00000, 0x0000000621c00000, 0x0000000622000000|  0%| F|  |TAMS 0x0000000621c00000| PB 0x0000000621c00000| Untracked |  0
| 100|0x0000000622000000, 0x0000000622000000, 0x0000000622400000|  0%| F|  |TAMS 0x0000000622000000| PB 0x0000000622000000| Untracked |  0
| 101|0x0000000622400000, 0x0000000622400000, 0x0000000622800000|  0%| F|  |TAMS 0x0000000622400000| PB 0x0000000622400000| Untracked |  0
| 102|0x0000000622800000, 0x0000000622800000, 0x0000000622c00000|  0%| F|  |TAMS 0x0000000622800000| PB 0x0000000622800000| Untracked |  0
| 103|0x0000000622c00000, 0x0000000622c00000, 0x0000000623000000|  0%| F|  |TAMS 0x0000000622c00000| PB 0x0000000622c00000| Untracked |  0
| 104|0x0000000623000000, 0x0000000623000000, 0x0000000623400000|  0%| F|  |TAMS 0x0000000623000000| PB 0x0000000623000000| Untracked |  0
| 105|0x0000000623400000, 0x0000000623400000, 0x0000000623800000|  0%| F|  |TAMS 0x0000000623400000| PB 0x0000000623400000| Untracked |  0
| 106|0x0000000623800000, 0x0000000623800000, 0x0000000623c00000|  0%| F|  |TAMS 0x0000000623800000| PB 0x0000000623800000| Untracked |  0
| 107|0x0000000623c00000, 0x0000000623c00000, 0x0000000624000000|  0%| F|  |TAMS 0x0000000623c00000| PB 0x0000000623c00000| Untracked |  0
| 108|0x0000000624000000, 0x0000000624000000, 0x0000000624400000|  0%| F|  |TAMS 0x0000000624000000| PB 0x0000000624000000| Untracked |  0
| 109|0x0000000624400000, 0x0000000624400000, 0x0000000624800000|  0%| F|  |TAMS 0x0000000624400000| PB 0x0000000624400000| Untracked |  0
| 110|0x0000000624800000, 0x0000000624800000, 0x0000000624c00000|  0%| F|  |TAMS 0x0000000624800000| PB 0x0000000624800000| Untracked |  0
| 111|0x0000000624c00000, 0x0000000624c00000, 0x0000000625000000|  0%| F|  |TAMS 0x0000000624c00000| PB 0x0000000624c00000| Untracked |  0
| 112|0x0000000625000000, 0x0000000625000000, 0x0000000625400000|  0%| F|  |TAMS 0x0000000625000000| PB 0x0000000625000000| Untracked |  0
| 113|0x0000000625400000, 0x0000000625400000, 0x0000000625800000|  0%| F|  |TAMS 0x0000000625400000| PB 0x0000000625400000| Untracked |  0
| 114|0x0000000625800000, 0x0000000625800000, 0x0000000625c00000|  0%| F|  |TAMS 0x0000000625800000| PB 0x0000000625800000| Untracked |  0
| 115|0x0000000625c00000, 0x0000000625c00000, 0x0000000626000000|  0%| F|  |TAMS 0x0000000625c00000| PB 0x0000000625c00000| Untracked |  0
| 116|0x0000000626000000, 0x0000000626000000, 0x0000000626400000|  0%| F|  |TAMS 0x0000000626000000| PB 0x0000000626000000| Untracked |  0
| 117|0x0000000626400000, 0x0000000626400000, 0x0000000626800000|  0%| F|  |TAMS 0x0000000626400000| PB 0x0000000626400000| Untracked |  0
| 118|0x0000000626800000, 0x0000000626800000, 0x0000000626c00000|  0%| F|  |TAMS 0x0000000626800000| PB 0x0000000626800000| Untracked |  0
| 119|0x0000000626c00000, 0x0000000626c00000, 0x0000000627000000|  0%| F|  |TAMS 0x0000000626c00000| PB 0x0000000626c00000| Untracked |  0
| 120|0x0000000627000000, 0x0000000627000000, 0x0000000627400000|  0%| F|  |TAMS 0x0000000627000000| PB 0x0000000627000000| Untracked |  0
| 121|0x0000000627400000, 0x0000000627400000, 0x0000000627800000|  0%| F|  |TAMS 0x0000000627400000| PB 0x0000000627400000| Untracked |  0
| 122|0x0000000627800000, 0x0000000627800000, 0x0000000627c00000|  0%| F|  |TAMS 0x0000000627800000| PB 0x0000000627800000| Untracked |  0
| 123|0x0000000627c00000, 0x0000000627c00000, 0x0000000628000000|  0%| F|  |TAMS 0x0000000627c00000| PB 0x0000000627c00000| Untracked |  0
| 124|0x0000000628000000, 0x0000000628000000, 0x0000000628400000|  0%| F|  |TAMS 0x0000000628000000| PB 0x0000000628000000| Untracked |  0
| 125|0x0000000628400000, 0x0000000628400000, 0x0000000628800000|  0%| F|  |TAMS 0x0000000628400000| PB 0x0000000628400000| Untracked |  0
| 126|0x0000000628800000, 0x0000000628800000, 0x0000000628c00000|  0%| F|  |TAMS 0x0000000628800000| PB 0x0000000628800000| Untracked |  0
| 127|0x0000000628c00000, 0x0000000628c00000, 0x0000000629000000|  0%| F|  |TAMS 0x0000000628c00000| PB 0x0000000628c00000| Untracked |  0
| 128|0x0000000629000000, 0x0000000629000000, 0x0000000629400000|  0%| F|  |TAMS 0x0000000629000000| PB 0x0000000629000000| Untracked |  0
| 129|0x0000000629400000, 0x0000000629400000, 0x0000000629800000|  0%| F|  |TAMS 0x0000000629400000| PB 0x0000000629400000| Untracked |  0
| 130|0x0000000629800000, 0x0000000629800000, 0x0000000629c00000|  0%| F|  |TAMS 0x0000000629800000| PB 0x0000000629800000| Untracked |  0
| 131|0x0000000629c00000, 0x0000000629c00000, 0x000000062a000000|  0%| F|  |TAMS 0x0000000629c00000| PB 0x0000000629c00000| Untracked |  0
| 132|0x000000062a000000, 0x000000062a000000, 0x000000062a400000|  0%| F|  |TAMS 0x000000062a000000| PB 0x000000062a000000| Untracked |  0
| 133|0x000000062a400000, 0x000000062a400000, 0x000000062a800000|  0%| F|  |TAMS 0x000000062a400000| PB 0x000000062a400000| Untracked |  0
| 134|0x000000062a800000, 0x000000062a800000, 0x000000062ac00000|  0%| F|  |TAMS 0x000000062a800000| PB 0x000000062a800000| Untracked |  0
| 135|0x000000062ac00000, 0x000000062ac00000, 0x000000062b000000|  0%| F|  |TAMS 0x000000062ac00000| PB 0x000000062ac00000| Untracked |  0
| 136|0x000000062b000000, 0x000000062b000000, 0x000000062b400000|  0%| F|  |TAMS 0x000000062b000000| PB 0x000000062b000000| Untracked |  0
| 137|0x000000062b400000, 0x000000062b400000, 0x000000062b800000|  0%| F|  |TAMS 0x000000062b400000| PB 0x000000062b400000| Untracked |  0
| 138|0x000000062b800000, 0x000000062b800000, 0x000000062bc00000|  0%| F|  |TAMS 0x000000062b800000| PB 0x000000062b800000| Untracked |  0
| 139|0x000000062bc00000, 0x000000062bc00000, 0x000000062c000000|  0%| F|  |TAMS 0x000000062bc00000| PB 0x000000062bc00000| Untracked |  0
| 140|0x000000062c000000, 0x000000062c000000, 0x000000062c400000|  0%| F|  |TAMS 0x000000062c000000| PB 0x000000062c000000| Untracked |  0
| 141|0x000000062c400000, 0x000000062c400000, 0x000000062c800000|  0%| F|  |TAMS 0x000000062c400000| PB 0x000000062c400000| Untracked |  0
| 142|0x000000062c800000, 0x000000062c800000, 0x000000062cc00000|  0%| F|  |TAMS 0x000000062c800000| PB 0x000000062c800000| Untracked |  0
| 143|0x000000062cc00000, 0x000000062cc00000, 0x000000062d000000|  0%| F|  |TAMS 0x000000062cc00000| PB 0x000000062cc00000| Untracked |  0
| 144|0x000000062d000000, 0x000000062d000000, 0x000000062d400000|  0%| F|  |TAMS 0x000000062d000000| PB 0x000000062d000000| Untracked |  0
| 145|0x000000062d400000, 0x000000062d400000, 0x000000062d800000|  0%| F|  |TAMS 0x000000062d400000| PB 0x000000062d400000| Untracked |  0
| 146|0x000000062d800000, 0x000000062d800000, 0x000000062dc00000|  0%| F|  |TAMS 0x000000062d800000| PB 0x000000062d800000| Untracked |  0
| 147|0x000000062dc00000, 0x000000062dc00000, 0x000000062e000000|  0%| F|  |TAMS 0x000000062dc00000| PB 0x000000062dc00000| Untracked |  0
| 148|0x000000062e000000, 0x000000062e3eb3d8, 0x000000062e400000| 97%| S|CS|TAMS 0x000000062e000000| PB 0x000000062e000000| Complete |  0
| 149|0x000000062e400000, 0x000000062e800000, 0x000000062e800000|100%| S|CS|TAMS 0x000000062e400000| PB 0x000000062e400000| Complete |  0
| 150|0x000000062e800000, 0x000000062ec00000, 0x000000062ec00000|100%| S|CS|TAMS 0x000000062e800000| PB 0x000000062e800000| Complete |  0
| 151|0x000000062ec00000, 0x000000062f000000, 0x000000062f000000|100%| S|CS|TAMS 0x000000062ec00000| PB 0x000000062ec00000| Complete |  0
| 152|0x000000062f000000, 0x000000062f400000, 0x000000062f400000|100%| S|CS|TAMS 0x000000062f000000| PB 0x000000062f000000| Complete |  0
| 153|0x000000062f400000, 0x000000062f800000, 0x000000062f800000|100%| S|CS|TAMS 0x000000062f400000| PB 0x000000062f400000| Complete |  0
| 154|0x000000062f800000, 0x000000062fc00000, 0x000000062fc00000|100%| S|CS|TAMS 0x000000062f800000| PB 0x000000062f800000| Complete |  0
| 155|0x000000062fc00000, 0x0000000630000000, 0x0000000630000000|100%| S|CS|TAMS 0x000000062fc00000| PB 0x000000062fc00000| Complete |  0
| 156|0x0000000630000000, 0x0000000630400000, 0x0000000630400000|100%| S|CS|TAMS 0x0000000630000000| PB 0x0000000630000000| Complete |  0
| 157|0x0000000630400000, 0x0000000630400000, 0x0000000630800000|  0%| F|  |TAMS 0x0000000630400000| PB 0x0000000630400000| Untracked |  0
| 158|0x0000000630800000, 0x0000000630800000, 0x0000000630c00000|  0%| F|  |TAMS 0x0000000630800000| PB 0x0000000630800000| Untracked |  0
| 159|0x0000000630c00000, 0x0000000630c00000, 0x0000000631000000|  0%| F|  |TAMS 0x0000000630c00000| PB 0x0000000630c00000| Untracked |  0
| 160|0x0000000631000000, 0x0000000631000000, 0x0000000631400000|  0%| F|  |TAMS 0x0000000631000000| PB 0x0000000631000000| Untracked |  0
| 161|0x0000000631400000, 0x0000000631400000, 0x0000000631800000|  0%| F|  |TAMS 0x0000000631400000| PB 0x0000000631400000| Untracked |  0
| 162|0x0000000631800000, 0x0000000631800000, 0x0000000631c00000|  0%| F|  |TAMS 0x0000000631800000| PB 0x0000000631800000| Untracked |  0
| 163|0x0000000631c00000, 0x0000000631c00000, 0x0000000632000000|  0%| F|  |TAMS 0x0000000631c00000| PB 0x0000000631c00000| Untracked |  0
| 164|0x0000000632000000, 0x0000000632000000, 0x0000000632400000|  0%| F|  |TAMS 0x0000000632000000| PB 0x0000000632000000| Untracked |  0
| 165|0x0000000632400000, 0x0000000632400000, 0x0000000632800000|  0%| F|  |TAMS 0x0000000632400000| PB 0x0000000632400000| Untracked |  0
| 166|0x0000000632800000, 0x0000000632800000, 0x0000000632c00000|  0%| F|  |TAMS 0x0000000632800000| PB 0x0000000632800000| Untracked |  0
| 167|0x0000000632c00000, 0x0000000632c00000, 0x0000000633000000|  0%| F|  |TAMS 0x0000000632c00000| PB 0x0000000632c00000| Untracked |  0
| 168|0x0000000633000000, 0x0000000633000000, 0x0000000633400000|  0%| F|  |TAMS 0x0000000633000000| PB 0x0000000633000000| Untracked |  0
| 169|0x0000000633400000, 0x0000000633400000, 0x0000000633800000|  0%| F|  |TAMS 0x0000000633400000| PB 0x0000000633400000| Untracked |  0
| 170|0x0000000633800000, 0x0000000633975b60, 0x0000000633c00000| 36%| E|  |TAMS 0x0000000633800000| PB 0x0000000633800000| Complete |  0
| 171|0x0000000633c00000, 0x0000000634000000, 0x0000000634000000|100%| E|CS|TAMS 0x0000000633c00000| PB 0x0000000633c00000| Complete |  0
| 172|0x0000000634000000, 0x0000000634400000, 0x0000000634400000|100%| E|CS|TAMS 0x0000000634000000| PB 0x0000000634000000| Complete |  0
| 173|0x0000000634400000, 0x0000000634800000, 0x0000000634800000|100%| E|CS|TAMS 0x0000000634400000| PB 0x0000000634400000| Complete |  0
| 174|0x0000000634800000, 0x0000000634c00000, 0x0000000634c00000|100%| E|CS|TAMS 0x0000000634800000| PB 0x0000000634800000| Complete |  0
| 175|0x0000000634c00000, 0x0000000635000000, 0x0000000635000000|100%| E|CS|TAMS 0x0000000634c00000| PB 0x0000000634c00000| Complete |  0
| 176|0x0000000635000000, 0x0000000635400000, 0x0000000635400000|100%| E|CS|TAMS 0x0000000635000000| PB 0x0000000635000000| Complete |  0
| 177|0x0000000635400000, 0x0000000635800000, 0x0000000635800000|100%| E|CS|TAMS 0x0000000635400000| PB 0x0000000635400000| Complete |  0
|2004|0x00000007fe000000, 0x00000007fe400000, 0x00000007fe400000|100%| O|  |TAMS 0x00000007fe000000| PB 0x00000007fe000000| Untracked |  0
|2005|0x00000007fe400000, 0x00000007fe800000, 0x00000007fe800000|100%| O|  |TAMS 0x00000007fe400000| PB 0x00000007fe400000| Untracked |  0
|2006|0x00000007fe800000, 0x00000007fec00000, 0x00000007fec00000|100%| O|  |TAMS 0x00000007fe800000| PB 0x00000007fe800000| Untracked |  0
|2007|0x00000007fec00000, 0x00000007ff000000, 0x00000007ff000000|100%| O|  |TAMS 0x00000007fec00000| PB 0x00000007fec00000| Untracked |  0
|2008|0x00000007ff000000, 0x00000007ff400000, 0x00000007ff400000|100%| O|  |TAMS 0x00000007ff000000| PB 0x00000007ff000000| Untracked |  0
|2009|0x00000007ff400000, 0x00000007ff800000, 0x00000007ff800000|100%| O|  |TAMS 0x00000007ff400000| PB 0x00000007ff400000| Untracked |  0
|2010|0x00000007ff800000, 0x00000007ffc00000, 0x00000007ffc00000|100%| O|  |TAMS 0x00000007ff800000| PB 0x00000007ff800000| Untracked |  0
|2011|0x00000007ffc00000, 0x00000007ffd257b8, 0x0000000800000000| 28%| O|  |TAMS 0x00000007ffc00000| PB 0x00000007ffc00000| Untracked |  0

Card table byte_map: [0x000001eafcc80000,0x000001eafdc40000] _byte_map_base: 0x000001eaf9c38000

Marking Bits: (CMBitMap*) 0x000001eaf2c4e4f0
 Bits: [0x000001ea8f000000, 0x000001ea96dc0000)

Polling page: 0x000001eaf08e0000

Metaspace:
Metaspace        used 10185K, committed 10368K, reserved 1114112K
 class space     used 951K, committed 1024K, reserved 1048576K

Usage:
  Non-class:      9.02 MB used.
      Class:    951.37 KB used.
       Both:      9.95 MB used.

Virtual space:
  Non-class space:       64.00 MB reserved,       9.12 MB ( 14%) committed,  1 nodes.
      Class space:        1.00 GB reserved,       1.00 MB ( <1%) committed,  1 nodes.
             Both:        1.06 GB reserved,      10.12 MB ( <1%) committed. 

Chunk freelists:
   Non-Class:  6.46 MB
       Class:  15.02 MB
        Both:  21.48 MB

MaxMetaspaceSize: unlimited
CompressedClassSpaceSize: 1.00 GB
Initial GC threshold: 21.00 MB
Current GC threshold: 21.00 MB
CDS: on
 - commit_granule_bytes: 65536.
 - commit_granule_words: 8192.
 - virtual_space_node_default_size: 8388608.
 - enlarge_chunks_in_place: 1.
UseCompressedClassPointers 1, UseCompactObjectHeaders 0
Narrow klass pointer bits 32, Max shift 3
Narrow klass base: 0x0000000012000000, Narrow klass shift: 0
Encoding Range: [0x0000000012000000 - 0x0000000112000000), (4294967296 bytes)
Klass Range:    [0x0000000012010000 - 0x0000000053000000), (1090453504 bytes)
Klass ID Range:  [65536 - 1090519033) (1090453497)
Protection zone: [0x0000000012000000 - 0x0000000012010000), (65536 bytes)


Internal statistics:

num_allocs_failed_limit: 0.
num_arena_births: 108.
num_arena_deaths: 0.
num_vsnodes_births: 2.
num_vsnodes_deaths: 0.
num_space_committed: 162.
num_space_uncommitted: 0.
num_chunks_returned_to_freelist: 0.
num_chunks_taken_from_freelist: 167.
num_chunk_merges: 0.
num_chunk_splits: 102.
num_chunks_enlarged: 53.
num_inconsistent_stats: 0.

CodeHeap 'non-profiled nmethods': size=119232Kb used=1345Kb max_used=1447Kb free=117886Kb
 bounds [0x000001ea87b90000, 0x000001ea87e00000, 0x000001ea8f000000]
CodeHeap 'profiled nmethods': size=119104Kb used=3723Kb max_used=3810Kb free=115380Kb
 bounds [0x000001ea80000000, 0x000001ea803d0000, 0x000001ea87450000]
CodeHeap 'non-nmethods': size=7424Kb used=1567Kb max_used=3258Kb free=5856Kb
 bounds [0x000001ea87450000, 0x000001ea87790000, 0x000001ea87b90000]
CodeCache: size=245760Kb, used=6635Kb, max_used=8515Kb, free=239122Kb
 total_blobs=3372, nmethods=2670, adapters=605, full_count=0
Compilation: enabled, stopped_count=0, restarted_count=0

Compilation events (20 events):
Event: 11544.615 Thread 0x000001eafde3ad00 nmethod 2984 0x000001ea801d2508 code [0x000001ea801d2600, 0x000001ea801d27d8]
Event: 11544.616 Thread 0x000001ea9c9334c0 nmethod 2985 0x000001ea80210688 code [0x000001ea80210780, 0x000001ea80210ae0]
Event: 11544.692 Thread 0x000001eafde3ad00 2986       3       java.lang.classfile.ClassHierarchyResolver$1Factory::get (5 bytes)
Event: 11544.693 Thread 0x000001eafde3ad00 nmethod 2986 0x000001ea80007088 code [0x000001ea80007180, 0x000001ea800074e0]
Event: 11544.732 Thread 0x000001ea9c9334c0 2987       3       jdk.internal.classfile.impl.ClassHierarchyImpl$CachedClassHierarchyResolver$1::<init> (17 bytes)
Event: 11544.733 Thread 0x000001ea9c9334c0 nmethod 2987 0x000001ea80006c08 code [0x000001ea80006d00, 0x000001ea80007018]
Event: 11544.802 Thread 0x000001ea9c9344e0 2988       3       jdk.internal.classfile.impl.ClassFileImpl::patchDeadCode (23 bytes)
Event: 11544.803 Thread 0x000001ea9c9344e0 nmethod 2988 0x000001ea80006908 code [0x000001ea80006a00, 0x000001ea80006bf0]
Event: 11544.847 Thread 0x000001eafde3ad00 2989       3       jdk.internal.classfile.impl.ClassFileImpl::dropDeadLabels (23 bytes)
Event: 11544.847 Thread 0x000001eafde3ad00 nmethod 2989 0x000001ea80006608 code [0x000001ea80006700, 0x000001ea800068f0]
Event: 11544.901 Thread 0x000001ea9c936d30 2990       3       jdk.internal.classfile.impl.StackMapGenerator$Frame::<init> (13 bytes)
Event: 11544.902 Thread 0x000001ea9c936d30 nmethod 2990 0x000001ea80006308 code [0x000001ea80006400, 0x000001ea80006560]
Event: 11545.009 Thread 0x000001eafde3ad00 2991       3       jdk.internal.classfile.impl.StackMapGenerator::generate (107 bytes)
Event: 11545.010 Thread 0x000001eafde3ad00 nmethod 2991 0x000001ea80005a88 code [0x000001ea80005b80, 0x000001ea80006298]
Event: 11545.207 Thread 0x000001ea9c936d30 2992       3       sun.invoke.util.VerifyAccess::ensureTypeVisible (47 bytes)
Event: 11545.208 Thread 0x000001ea9c936d30 nmethod 2992 0x000001ea80005408 code [0x000001ea80005500, 0x000001ea80005a58]
Event: 11545.663 Thread 0x000001eafde3ad00 2993   !   3       java.awt.Toolkit::setDesktopProperty (70 bytes)
Event: 11545.664 Thread 0x000001eafde3ad00 nmethod 2993 0x000001ea80110588 code [0x000001ea80110680, 0x000001ea80110e78]
Event: 13001.987 Thread 0x000001ea9c936d30 2994   !   3       jdk.internal.classfile.impl.DirectCodeBuilder::build (78 bytes)
Event: 13001.988 Thread 0x000001ea9c936d30 nmethod 2994 0x000001ea8010fd08 code [0x000001ea8010fe00, 0x000001ea80110530]

GC Heap Usage History (20 events):
Event: 9645.605 {heap Before GC invocations=73 (full 0):
 garbage-first heap   total reserved 8241152K, committed 761856K, used 449338K [0x0000000609000000, 0x0000000800000000)
  region size 4096K, 30 young (122880K), 3 survivors (12288K)
}
Event: 9645.607 {heap After GC invocations=74 (full 0):
 garbage-first heap   total reserved 8241152K, committed 761856K, used 282180K [0x0000000609000000, 0x0000000800000000)
  region size 4096K, 9 young (36864K), 9 survivors (36864K)
}
Event: 9652.505 {heap Before GC invocations=74 (full 0):
 garbage-first heap   total reserved 8241152K, committed 761856K, used 446020K [0x0000000609000000, 0x0000000800000000)
  region size 4096K, 27 young (110592K), 9 survivors (36864K)
}
Event: 9652.507 {heap After GC invocations=75 (full 0):
 garbage-first heap   total reserved 8241152K, committed 761856K, used 297417K [0x0000000609000000, 0x0000000800000000)
  region size 4096K, 13 young (53248K), 13 survivors (53248K)
}
Event: 9920.416 {heap Before GC invocations=75 (full 0):
 garbage-first heap   total reserved 8241152K, committed 761856K, used 453065K [0x0000000609000000, 0x0000000800000000)
  region size 4096K, 29 young (118784K), 13 survivors (53248K)
}
Event: 9920.418 {heap After GC invocations=76 (full 0):
 garbage-first heap   total reserved 8241152K, committed 761856K, used 281814K [0x0000000609000000, 0x0000000800000000)
  region size 4096K, 9 young (36864K), 9 survivors (36864K)
}
Event: 10105.420 {heap Before GC invocations=76 (full 0):
 garbage-first heap   total reserved 8241152K, committed 761856K, used 416982K [0x0000000609000000, 0x0000000800000000)
  region size 4096K, 24 young (98304K), 9 survivors (36864K)
}
Event: 10105.423 {heap After GC invocations=77 (full 0):
 garbage-first heap   total reserved 8241152K, committed 761856K, used 266034K [0x0000000609000000, 0x0000000800000000)
  region size 4096K, 9 young (36864K), 9 survivors (36864K)
}
Event: 10450.172 {heap Before GC invocations=77 (full 0):
 garbage-first heap   total reserved 8241152K, committed 761856K, used 446258K [0x0000000609000000, 0x0000000800000000)
  region size 4096K, 28 young (114688K), 9 survivors (36864K)
}
Event: 10450.174 {heap After GC invocations=78 (full 0):
 garbage-first heap   total reserved 8241152K, committed 761856K, used 195419K [0x0000000609000000, 0x0000000800000000)
  region size 4096K, 3 young (12288K), 3 survivors (12288K)
}
Event: 10458.070 {heap Before GC invocations=78 (full 0):
 garbage-first heap   total reserved 8241152K, committed 761856K, used 412507K [0x0000000609000000, 0x0000000800000000)
  region size 4096K, 27 young (110592K), 3 survivors (12288K)
}
Event: 10458.074 {heap After GC invocations=79 (full 0):
 garbage-first heap   total reserved 8241152K, committed 761856K, used 270181K [0x0000000609000000, 0x0000000800000000)
  region size 4096K, 9 young (36864K), 9 survivors (36864K)
}
Event: 10645.415 {heap Before GC invocations=79 (full 0):
 garbage-first heap   total reserved 8241152K, committed 761856K, used 417637K [0x0000000609000000, 0x0000000800000000)
  region size 4096K, 26 young (106496K), 9 survivors (36864K)
}
Event: 10645.418 {heap After GC invocations=80 (full 0):
 garbage-first heap   total reserved 8241152K, committed 761856K, used 286631K [0x0000000609000000, 0x0000000800000000)
  region size 4096K, 13 young (53248K), 13 survivors (53248K)
}
Event: 10865.942 {heap Before GC invocations=80 (full 0):
 garbage-first heap   total reserved 8241152K, committed 761856K, used 458663K [0x0000000609000000, 0x0000000800000000)
  region size 4096K, 32 young (131072K), 13 survivors (53248K)
}
Event: 10865.947 {heap After GC invocations=81 (full 0):
 garbage-first heap   total reserved 8241152K, committed 761856K, used 299662K [0x0000000609000000, 0x0000000800000000)
  region size 4096K, 12 young (49152K), 12 survivors (49152K)
}
Event: 11125.022 {heap Before GC invocations=81 (full 0):
 garbage-first heap   total reserved 8241152K, committed 761856K, used 430734K [0x0000000609000000, 0x0000000800000000)
  region size 4096K, 25 young (102400K), 12 survivors (49152K)
}
Event: 11125.024 {heap After GC invocations=82 (full 0):
 garbage-first heap   total reserved 8241152K, committed 761856K, used 262529K [0x0000000609000000, 0x0000000800000000)
  region size 4096K, 7 young (28672K), 7 survivors (28672K)
}
Event: 11131.315 {heap Before GC invocations=82 (full 0):
 garbage-first heap   total reserved 8241152K, committed 761856K, used 385409K [0x0000000609000000, 0x0000000800000000)
  region size 4096K, 21 young (86016K), 7 survivors (28672K)
}
Event: 11131.318 {heap After GC invocations=83 (full 0):
 garbage-first heap   total reserved 8241152K, committed 761856K, used 258891K [0x0000000609000000, 0x0000000800000000)
  region size 4096K, 9 young (36864K), 9 survivors (36864K)
}

Metaspace Usage History (20 events):
Event: 9645.605 {metaspace Before GC invocations=73 (full 0):
 Metaspace       used 10083K, committed 10240K, reserved 1114112K
  class space    used 947K, committed 1024K, reserved 1048576K
}
Event: 9645.607 {metaspace After GC invocations=74 (full 0):
 Metaspace       used 10083K, committed 10240K, reserved 1114112K
  class space    used 947K, committed 1024K, reserved 1048576K
}
Event: 9652.505 {metaspace Before GC invocations=74 (full 0):
 Metaspace       used 10085K, committed 10240K, reserved 1114112K
  class space    used 947K, committed 1024K, reserved 1048576K
}
Event: 9652.507 {metaspace After GC invocations=75 (full 0):
 Metaspace       used 10085K, committed 10240K, reserved 1114112K
  class space    used 947K, committed 1024K, reserved 1048576K
}
Event: 9920.416 {metaspace Before GC invocations=75 (full 0):
 Metaspace       used 10095K, committed 10240K, reserved 1114112K
  class space    used 947K, committed 1024K, reserved 1048576K
}
Event: 9920.418 {metaspace After GC invocations=76 (full 0):
 Metaspace       used 10095K, committed 10240K, reserved 1114112K
  class space    used 947K, committed 1024K, reserved 1048576K
}
Event: 10105.420 {metaspace Before GC invocations=76 (full 0):
 Metaspace       used 10097K, committed 10304K, reserved 1114112K
  class space    used 947K, committed 1024K, reserved 1048576K
}
Event: 10105.423 {metaspace After GC invocations=77 (full 0):
 Metaspace       used 10097K, committed 10304K, reserved 1114112K
  class space    used 947K, committed 1024K, reserved 1048576K
}
Event: 10450.172 {metaspace Before GC invocations=77 (full 0):
 Metaspace       used 10107K, committed 10304K, reserved 1114112K
  class space    used 947K, committed 1024K, reserved 1048576K
}
Event: 10450.174 {metaspace After GC invocations=78 (full 0):
 Metaspace       used 10107K, committed 10304K, reserved 1114112K
  class space    used 947K, committed 1024K, reserved 1048576K
}
Event: 10458.070 {metaspace Before GC invocations=78 (full 0):
 Metaspace       used 10116K, committed 10304K, reserved 1114112K
  class space    used 947K, committed 1024K, reserved 1048576K
}
Event: 10458.074 {metaspace After GC invocations=79 (full 0):
 Metaspace       used 10116K, committed 10304K, reserved 1114112K
  class space    used 947K, committed 1024K, reserved 1048576K
}
Event: 10645.415 {metaspace Before GC invocations=79 (full 0):
 Metaspace       used 10121K, committed 10304K, reserved 1114112K
  class space    used 947K, committed 1024K, reserved 1048576K
}
Event: 10645.418 {metaspace After GC invocations=80 (full 0):
 Metaspace       used 10121K, committed 10304K, reserved 1114112K
  class space    used 947K, committed 1024K, reserved 1048576K
}
Event: 10865.942 {metaspace Before GC invocations=80 (full 0):
 Metaspace       used 10127K, committed 10304K, reserved 1114112K
  class space    used 947K, committed 1024K, reserved 1048576K
}
Event: 10865.947 {metaspace After GC invocations=81 (full 0):
 Metaspace       used 10127K, committed 10304K, reserved 1114112K
  class space    used 947K, committed 1024K, reserved 1048576K
}
Event: 11125.022 {metaspace Before GC invocations=81 (full 0):
 Metaspace       used 10127K, committed 10304K, reserved 1114112K
  class space    used 947K, committed 1024K, reserved 1048576K
}
Event: 11125.024 {metaspace After GC invocations=82 (full 0):
 Metaspace       used 10127K, committed 10304K, reserved 1114112K
  class space    used 947K, committed 1024K, reserved 1048576K
}
Event: 11131.315 {metaspace Before GC invocations=82 (full 0):
 Metaspace       used 10128K, committed 10304K, reserved 1114112K
  class space    used 947K, committed 1024K, reserved 1048576K
}
Event: 11131.318 {metaspace After GC invocations=83 (full 0):
 Metaspace       used 10128K, committed 10304K, reserved 1114112K
  class space    used 947K, committed 1024K, reserved 1048576K
}

Dll operation events (9 events):
Event: 0.021 Loaded shared library C:\Program Files\Java\jdk-25.0.3\bin\java.dll
Event: 0.063 Loaded shared library C:\Program Files\Java\jdk-25.0.3\bin\jimage.dll
Event: 0.068 Loaded shared library C:\Program Files\Java\jdk-25.0.3\bin\net.dll
Event: 0.073 Loaded shared library C:\Program Files\Java\jdk-25.0.3\bin\nio.dll
Event: 0.078 Loaded shared library C:\Program Files\Java\jdk-25.0.3\bin\zip.dll
Event: 0.089 Loaded shared library C:\Program Files\Java\jdk-25.0.3\bin\awt.dll
Event: 0.403 Loaded shared library C:\Program Files\Java\jdk-25.0.3\bin\jsound.dll
Event: 0.703 Loaded shared library C:\Program Files\Java\jdk-25.0.3\bin\freetype.dll
Event: 0.709 Loaded shared library C:\Program Files\Java\jdk-25.0.3\bin\fontmanager.dll

Deoptimization events (20 events):
Event: 2305.469 Thread 0x000001ea9c1b5c60 DEOPT PACKING pc=0x000001ea803ac5f2 sp=0x000000664c6ff220
Event: 2305.469 Thread 0x000001ea9c1b5c60 DEOPT UNPACKING pc=0x000001ea874a1702 sp=0x000000664c6fe6b0 mode 0
Event: 2622.925 Thread 0x000001ea9c8262b0 Uncommon trap: trap_request=0xffffff45 fr.pc=0x000001ea87c9cad4 relative=0x00000000000001d4
Event: 2622.925 Thread 0x000001ea9c8262b0 Uncommon trap: reason=unstable_if action=reinterpret pc=0x000001ea87c9cad4 method=javax.swing.RepaintManager.scheduleHeavyWeightPaints()V @ 13 c2
Event: 2622.925 Thread 0x000001ea9c8262b0 DEOPT PACKING pc=0x000001ea87c9cad4 sp=0x000000664c5ff570
Event: 2622.925 Thread 0x000001ea9c8262b0 DEOPT UNPACKING pc=0x000001ea87570b82 sp=0x000000664c5ff508 mode 2
Event: 8067.015 Thread 0x000001ea9c8ac6e0 DEOPT PACKING pc=0x000001ea8037ec45 sp=0x000000664c9feb40
Event: 8067.015 Thread 0x000001ea9c8ac6e0 DEOPT UNPACKING pc=0x000001ea874a1702 sp=0x000000664c9fdfe0 mode 0
Event: 11545.262 Thread 0x000001ea9c8262b0 Uncommon trap: trap_request=0xffffff45 fr.pc=0x000001ea87c4c050 relative=0x00000000000000d0
Event: 11545.262 Thread 0x000001ea9c8262b0 Uncommon trap: reason=unstable_if action=reinterpret pc=0x000001ea87c4c050 method=java.util.HashMap$HashIterator.<init>(Ljava/util/HashMap;)V @ 43 c2
Event: 11545.262 Thread 0x000001ea9c8262b0 DEOPT PACKING pc=0x000001ea87c4c050 sp=0x000000664c5ff470
Event: 11545.262 Thread 0x000001ea9c8262b0 DEOPT UNPACKING pc=0x000001ea87570b82 sp=0x000000664c5ff340 mode 2
Event: 13002.391 Thread 0x000001ea9c8262b0 Uncommon trap: trap_request=0xffffff45 fr.pc=0x000001ea87c4d674 relative=0x00000000000001f4
Event: 13002.391 Thread 0x000001ea9c8262b0 Uncommon trap: reason=unstable_if action=reinterpret pc=0x000001ea87c4d674 method=java.util.WeakHashMap.expungeStaleEntries()V @ 9 c2
Event: 13002.391 Thread 0x000001ea9c8262b0 DEOPT PACKING pc=0x000001ea87c4d674 sp=0x000000664c5ff200
Event: 13002.391 Thread 0x000001ea9c8262b0 DEOPT UNPACKING pc=0x000001ea87570b82 sp=0x000000664c5ff1a0 mode 2
Event: 13002.391 Thread 0x000001ea9c8262b0 Uncommon trap: trap_request=0xffffff45 fr.pc=0x000001ea87c2e898 relative=0x00000000000000f8
Event: 13002.391 Thread 0x000001ea9c8262b0 Uncommon trap: reason=unstable_if action=reinterpret pc=0x000001ea87c2e898 method=java.awt.geom.AffineTransform.setToScale(DD)V @ 33 c2
Event: 13002.391 Thread 0x000001ea9c8262b0 DEOPT PACKING pc=0x000001ea87c2e898 sp=0x000000664c5ff340
Event: 13002.391 Thread 0x000001ea9c8262b0 DEOPT UNPACKING pc=0x000001ea87570b82 sp=0x000000664c5ff238 mode 2

Classes loaded (20 events):
Event: 232.933 Loading class com/sun/media/sound/EventDispatcher$EventInfo
Event: 232.933 Loading class com/sun/media/sound/EventDispatcher$EventInfo done
Event: 232.933 Loading class jdk/internal/event/ThreadSleepEvent
Event: 232.934 Loading class jdk/internal/event/Event
Event: 232.935 Loading class jdk/internal/event/Event done
Event: 232.935 Loading class jdk/internal/event/ThreadSleepEvent done
Event: 233.129 Loading class javax/swing/CellRendererPane
Event: 233.129 Loading class javax/swing/CellRendererPane done
Event: 807.316 Loading class java/awt/Canvas
Event: 807.316 Loading class java/awt/Canvas done
Event: 807.316 Loading class java/awt/Scrollbar
Event: 807.316 Loading class java/awt/Adjustable
Event: 807.316 Loading class java/awt/Adjustable done
Event: 807.316 Loading class java/awt/Scrollbar done
Event: 7120.971 Loading class java/lang/invoke/MethodHandle$1
Event: 7120.971 Loading class java/lang/invoke/MethodHandle$1 done
Event: 13002.043 Loading class java/util/WeakHashMap$KeyIterator
Event: 13002.391 Loading class java/util/WeakHashMap$HashIterator
Event: 13002.391 Loading class java/util/WeakHashMap$HashIterator done
Event: 13002.391 Loading class java/util/WeakHashMap$KeyIterator done

Classes unloaded (0 events):
No events

Classes redefined (0 events):
No events

Internal exceptions (20 events):
Event: 0.314 Thread 0x000001eaf06e1130 Exception <a 'java/lang/NoSuchMethodError'{0x000000062810eed8}: 'java.lang.Object java.lang.invoke.DirectMethodHandle$Holder.invokeStatic(java.lang.Object, long, java.lang.Object)'> (0x000000062810eed8) 
thrown [s\open\src\hotspot\share\interpreter\linkResolver.cpp, line 804]
Event: 0.314 Thread 0x000001eaf06e1130 Exception <a 'java/lang/NoSuchMethodError'{0x0000000628117028}: 'java.lang.Object java.lang.invoke.DirectMethodHandle$Holder.invokeStaticInit(java.lang.Object, long, java.lang.Object)'> (0x0000000628117028) 
thrown [s\open\src\hotspot\share\interpreter\linkResolver.cpp, line 804]
Event: 0.314 Thread 0x000001eaf06e1130 Exception <a 'java/lang/NoSuchMethodError'{0x000000062811f838}: 'java.lang.Object java.lang.invoke.DirectMethodHandle$Holder.invokeStaticInit(java.lang.Object, long)'> (0x000000062811f838) 
thrown [s\open\src\hotspot\share\interpreter\linkResolver.cpp, line 804]
Event: 0.325 Thread 0x000001eaf06e1130 Exception <a 'java/lang/NoSuchMethodError'{0x000000062814df10}: 'void java.lang.invoke.DirectMethodHandle$Holder.invokeSpecial(java.lang.Object, java.lang.Object, java.lang.Object)'> (0x000000062814df10) 
thrown [s\open\src\hotspot\share\interpreter\linkResolver.cpp, line 804]
Event: 0.330 Thread 0x000001eaf06e1130 Exception <a 'java/lang/NoSuchMethodError'{0x00000006281bd200}: 'java.lang.Object java.lang.invoke.DirectMethodHandle$Holder.newInvokeSpecial(java.lang.Object, java.lang.Object, java.lang.Object, java.lang.Object, java.lang.Object)'> (0x00000006281bd200) 
thrown [s\open\src\hotspot\share\interpreter\linkResolver.cpp, line 804]
Event: 0.333 Thread 0x000001eaf06e1130 Exception <a 'java/lang/NoSuchMethodError'{0x0000000628225938}: 'java.lang.Object java.lang.invoke.DirectMethodHandle$Holder.invokeStatic(java.lang.Object, int, java.lang.Object)'> (0x0000000628225938) 
thrown [s\open\src\hotspot\share\interpreter\linkResolver.cpp, line 804]
Event: 0.347 Thread 0x000001eaf06e1130 Exception <a 'java/lang/ClassNotFoundException'{0x0000000627c53098}: com/sun/swing/internal/plaf/metal/resources/spi/metalProvider> (0x0000000627c53098) 
thrown [s\open\src\hotspot\share\classfile\systemDictionary.cpp, line 328]
Event: 0.347 Thread 0x000001eaf06e1130 Exception <a 'java/lang/ClassNotFoundException'{0x0000000627c56b08}: com/sun/swing/internal/plaf/basic/resources/spi/basicProvider> (0x0000000627c56b08) 
thrown [s\open\src\hotspot\share\classfile\systemDictionary.cpp, line 328]
Event: 0.352 Thread 0x000001eaf06e1130 Exception <a 'java/lang/NoSuchMethodError'{0x0000000627c850c8}: 'int java.lang.invoke.Invokers$Holder.invokeExact_MT(java.lang.Object, java.lang.Object)'> (0x0000000627c850c8) 
thrown [s\open\src\hotspot\share\interpreter\linkResolver.cpp, line 804]
Event: 0.693 Thread 0x000001eaf06e1130 Exception <a 'java/lang/NoSuchMethodError'{0x0000000626c2b738}: 'void java.lang.invoke.DirectMethodHandle$Holder.invokeStaticInit(java.lang.Object)'> (0x0000000626c2b738) 
thrown [s\open\src\hotspot\share\interpreter\linkResolver.cpp, line 804]
Event: 0.720 Thread 0x000001eaf06e1130 Exception <a 'java/lang/NoSuchMethodError'{0x0000000626c60250}: 'long java.lang.invoke.DirectMethodHandle$Holder.invokeStaticInit(java.lang.Object, long, long, long, long)'> (0x0000000626c60250) 
thrown [s\open\src\hotspot\share\interpreter\linkResolver.cpp, line 804]
Event: 0.720 Thread 0x000001eaf06e1130 Exception <a 'java/lang/NoSuchMethodError'{0x0000000626c68e20}: 'java.lang.Object java.lang.invoke.DirectMethodHandle$Holder.invokeInterface(java.lang.Object, java.lang.Object, long, long)'> (0x0000000626c68e20) 
thrown [s\open\src\hotspot\share\interpreter\linkResolver.cpp, line 804]
Event: 0.721 Thread 0x000001eaf06e1130 Exception <a 'java/lang/NoSuchMethodError'{0x0000000626c817d8}: 'void java.lang.invoke.DirectMethodHandle$Holder.invokeStaticInit(java.lang.Object, java.lang.Object, long, java.lang.Object)'> (0x0000000626c817d8) 
thrown [s\open\src\hotspot\share\interpreter\linkResolver.cpp, line 804]
Event: 0.721 Thread 0x000001eaf06e1130 Exception <a 'java/lang/NoSuchMethodError'{0x0000000626c8a410}: 'long java.lang.invoke.DirectMethodHandle$Holder.invokeStatic(java.lang.Object, long, long)'> (0x0000000626c8a410) 
thrown [s\open\src\hotspot\share\interpreter\linkResolver.cpp, line 804]
Event: 0.724 Thread 0x000001eaf06e1130 Exception <a 'java/lang/NoSuchMethodError'{0x0000000626cac968}: 'java.lang.Object java.lang.invoke.DirectMethodHandle$Holder.newInvokeSpecial(java.lang.Object, int, java.lang.Object)'> (0x0000000626cac968) 
thrown [s\open\src\hotspot\share\interpreter\linkResolver.cpp, line 804]
Event: 0.763 Thread 0x000001ea9c4f8e60 Exception <a 'java/lang/NoSuchMethodError'{0x0000000626cd5308}: 'void java.lang.invoke.DirectMethodHandle$Holder.invokeVirtual(java.lang.Object, java.lang.Object)'> (0x0000000626cd5308) 
thrown [s\open\src\hotspot\share\interpreter\linkResolver.cpp, line 804]
Event: 1.147 Thread 0x000001ea9c8262b0 Exception <a 'java/lang/NoSuchMethodError'{0x0000000626b8dd38}: 'void java.lang.invoke.DelegatingMethodHandle$Holder.reinvoke_L(java.lang.Object, java.lang.Object, java.lang.Object, long, float)'> (0x0000000626b8dd38) 
thrown [s\open\src\hotspot\share\interpreter\linkResolver.cpp, line 804]
Event: 1.150 Thread 0x000001ea9c8262b0 Exception <a 'java/lang/NoSuchMethodError'{0x0000000626ba6248}: 'java.lang.Object java.lang.invoke.DirectMethodHandle$Holder.invokeStatic(java.lang.Object, java.lang.Object, java.lang.Object, java.lang.Object, long)'> (0x0000000626ba6248) 
thrown [s\open\src\hotspot\share\interpreter\linkResolver.cpp, line 804]
Event: 1.151 Thread 0x000001ea9c8262b0 Exception <a 'java/lang/NoSuchMethodError'{0x0000000626bc83e8}: 'float java.lang.invoke.DelegatingMethodHandle$Holder.reinvoke_L(java.lang.Object, java.lang.Object, java.lang.Object, long)'> (0x0000000626bc83e8) 
thrown [s\open\src\hotspot\share\interpreter\linkResolver.cpp, line 804]
Event: 233.255 Thread 0x000001ea9c8262b0 Implicit null exception at 0x000001ea87c35dd0 to 0x000001ea87c368a4

VM Operations (20 events):
Event: 10883.019 Executing non-safepoint VM operation: RendezvousGCThreads
Event: 10883.019 Executing non-safepoint VM operation: RendezvousGCThreads done
Event: 11125.022 Executing safepoint VM operation: G1TryInitiateConcMark (G1 Humongous Allocation)
Event: 11125.024 Executing safepoint VM operation: G1TryInitiateConcMark (G1 Humongous Allocation) done
Event: 11131.315 Executing safepoint VM operation: G1TryInitiateConcMark (G1 Humongous Allocation)
Event: 11131.318 Executing safepoint VM operation: G1TryInitiateConcMark (G1 Humongous Allocation) done
Event: 11183.684 Executing non-safepoint VM operation: HandshakeAllThreads (HandshakeForDeflation)
Event: 11183.684 Executing non-safepoint VM operation: HandshakeAllThreads (HandshakeForDeflation) done
Event: 11183.684 Executing non-safepoint VM operation: RendezvousGCThreads
Event: 11183.684 Executing non-safepoint VM operation: RendezvousGCThreads done
Event: 11303.935 Executing non-safepoint VM operation: HandshakeAllThreads (HandshakeForDeflation)
Event: 11303.935 Executing non-safepoint VM operation: HandshakeAllThreads (HandshakeForDeflation) done
Event: 11303.935 Executing non-safepoint VM operation: RendezvousGCThreads
Event: 11303.935 Executing non-safepoint VM operation: RendezvousGCThreads done
Event: 11544.383 Executing non-safepoint VM operation: HandshakeAllThreads (HandshakeForDeflation)
Event: 11544.399 Executing non-safepoint VM operation: HandshakeAllThreads (HandshakeForDeflation) done
Event: 11544.400 Executing non-safepoint VM operation: RendezvousGCThreads
Event: 11544.400 Executing non-safepoint VM operation: RendezvousGCThreads done
Event: 13002.131 Executing non-safepoint VM operation: HandshakeAllThreads (HandshakeForDeflation)
Event: 13002.408 Executing non-safepoint VM operation: HandshakeAllThreads (HandshakeForDeflation) done

Memory protections (0 events):
No events

Nmethod flushes (20 events):
Event: 2886.287 Thread 0x000001eafdddea60 flushing  nmethod 0x000001ea800e9a88
Event: 2886.287 Thread 0x000001eafdddea60 flushing osr nmethod 0x000001ea80111188
Event: 2886.287 Thread 0x000001eafdddea60 flushing  nmethod 0x000001ea80112788
Event: 2886.287 Thread 0x000001eafdddea60 flushing osr nmethod 0x000001ea80113908
Event: 2886.287 Thread 0x000001eafdddea60 flushing  nmethod 0x000001ea80118f08
Event: 2886.287 Thread 0x000001eafdddea60 flushing  nmethod 0x000001ea80119988
Event: 2886.287 Thread 0x000001eafdddea60 flushing  nmethod 0x000001ea8011bd88
Event: 2886.287 Thread 0x000001eafdddea60 flushing  nmethod 0x000001ea80187088
Event: 2886.287 Thread 0x000001eafdddea60 flushing  nmethod 0x000001ea80188488
Event: 2886.287 Thread 0x000001eafdddea60 flushing  nmethod 0x000001ea80188908
Event: 2886.287 Thread 0x000001eafdddea60 flushing  nmethod 0x000001ea80188c08
Event: 2886.287 Thread 0x000001eafdddea60 flushing  nmethod 0x000001ea80189208
Event: 2886.287 Thread 0x000001eafdddea60 flushing  nmethod 0x000001ea80189608
Event: 2886.287 Thread 0x000001eafdddea60 flushing  nmethod 0x000001ea80189f08
Event: 2886.287 Thread 0x000001eafdddea60 flushing  nmethod 0x000001ea8018bd08
Event: 2886.287 Thread 0x000001eafdddea60 flushing  nmethod 0x000001ea801ebe08
Event: 2886.287 Thread 0x000001eafdddea60 flushing  nmethod 0x000001ea801ecf08
Event: 2886.287 Thread 0x000001eafdddea60 flushing  nmethod 0x000001ea801f2a88
Event: 2886.287 Thread 0x000001eafdddea60 flushing  nmethod 0x000001ea801f5908
Event: 2886.287 Thread 0x000001eafdddea60 flushing  nmethod 0x000001ea801f5e88

Events (20 events):
Event: 10105.335 Thread 0x000001ea9c7334a0 Thread exited: 0x000001ea9c7334a0
Event: 10105.398 Thread 0x000001ea9c8ac6e0 Thread added: 0x000001ea9c72f620
Event: 10292.511 Thread 0x000001ea9c72f620 Thread exited: 0x000001ea9c72f620
Event: 10292.551 Thread 0x000001ea9c8ac6e0 Thread added: 0x000001ea9c730d90
Event: 10450.162 Thread 0x000001ea9c730d90 Thread exited: 0x000001ea9c730d90
Event: 10450.208 Thread 0x000001ea9c8ac6e0 Thread added: 0x000001ea9c731560
Event: 10457.883 Thread 0x000001ea9c731560 Thread exited: 0x000001ea9c731560
Event: 10458.047 Thread 0x000001ea9c8262b0 Thread added: 0x000001ea9c72e680
Event: 10645.342 Thread 0x000001ea9c72e680 Thread exited: 0x000001ea9c72e680
Event: 10645.389 Thread 0x000001ea9c8ac6e0 Thread added: 0x000001ea9c7305c0
Event: 10865.858 Thread 0x000001ea9c7305c0 Thread exited: 0x000001ea9c7305c0
Event: 10865.920 Thread 0x000001ea9c8ac6e0 Thread added: 0x000001ea9c731d30
Event: 11124.838 Thread 0x000001ea9c731d30 Thread exited: 0x000001ea9c731d30
Event: 11125.003 Thread 0x000001ea9c8ac6e0 Thread added: 0x000001ea9c731560
Event: 11131.127 Thread 0x000001ea9c731560 Thread exited: 0x000001ea9c731560
Event: 11131.295 Thread 0x000001ea9c8262b0 Thread added: 0x000001ea9c731560
Event: 11544.495 Thread 0x000001eafde3ad00 Thread added: 0x000001ea9c9344e0
Event: 11544.496 Thread 0x000001eafde3ad00 Thread added: 0x000001ea9c936d30
Event: 11544.496 Thread 0x000001eafde3ad00 Thread added: 0x000001ea9c9334c0
Event: 11545.663 Thread 0x000001ea9c9334c0 Thread exited: 0x000001ea9c9334c0


Dynamic libraries:
0x00007ff6a0340000 - 0x00007ff6a0350000 	C:\Program Files\Java\jdk-25.0.3\bin\java.exe
0x00007ff91aea0000 - 0x00007ff91b107000 	C:\Windows\SYSTEM32\ntdll.dll
0x00007ff919a00000 - 0x00007ff919ac9000 	C:\Windows\System32\KERNEL32.DLL
0x00007ff917c30000 - 0x00007ff918024000 	C:\Windows\System32\KERNELBASE.dll
0x00007ff9126c0000 - 0x00007ff91275f000 	C:\Windows\SYSTEM32\apphelp.dll
0x00007ff917770000 - 0x00007ff9178bb000 	C:\Windows\System32\ucrtbase.dll
0x00007ff8fef30000 - 0x00007ff8fef47000 	C:\Program Files\Java\jdk-25.0.3\bin\jli.dll
0x00007ff91a670000 - 0x00007ff91a835000 	C:\Windows\System32\USER32.dll
0x00007ff917b70000 - 0x00007ff917b97000 	C:\Windows\System32\win32u.dll
0x00007ff91ae30000 - 0x00007ff91ae5b000 	C:\Windows\System32\GDI32.dll
0x00007ff9178c0000 - 0x00007ff9179eb000 	C:\Windows\System32\gdi32full.dll
0x00007ff918250000 - 0x00007ff9182f3000 	C:\Windows\System32\msvcp_win.dll
0x00007ff8fe9e0000 - 0x00007ff8fe9fe000 	C:\Program Files\Java\jdk-25.0.3\bin\VCRUNTIME140.dll
0x00007ff8e97d0000 - 0x00007ff8e9a63000 	C:\Windows\WinSxS\amd64_microsoft.windows.common-controls_6595b64144ccf1df_6.0.26100.8115_none_3e075c82e3354f9c\COMCTL32.dll
0x00007ff9190a0000 - 0x00007ff919149000 	C:\Windows\System32\msvcrt.dll
0x00007ff91abe0000 - 0x00007ff91ac12000 	C:\Windows\System32\IMM32.DLL
0x00007ff86b3a0000 - 0x00007ff86b54c000 	C:\Program Files\Zscaler\ZDP\ZDPPrint64.dll
0x00007ff9196a0000 - 0x00007ff919756000 	C:\Windows\System32\ADVAPI32.dll
0x00007ff91a8b0000 - 0x00007ff91a957000 	C:\Windows\System32\sechost.dll
0x00007ff91a510000 - 0x00007ff91a628000 	C:\Windows\System32\RPCRT4.dll
0x00007ff916230000 - 0x00007ff916266000 	C:\Windows\SYSTEM32\ntmarta.dll
0x000001eaf08a0000 - 0x000001eaf08b6000 	C:\Windows\System32\umppc20907.dll
0x00007ff917310000 - 0x00007ff91746c000 	C:\Program Files\Avecto\Privilege Guard Client\PGHook.dll
0x00007ff914170000 - 0x00007ff91417c000 	C:\Program Files\Java\jdk-25.0.3\bin\vcruntime140_1.dll
0x00007ff8eb880000 - 0x00007ff8eb90d000 	C:\Program Files\Java\jdk-25.0.3\bin\msvcp140.dll
0x00007ff888a40000 - 0x00007ff8898a0000 	C:\Program Files\Java\jdk-25.0.3\bin\server\jvm.dll
0x00007ff91a960000 - 0x00007ff91a9e0000 	C:\Windows\System32\WS2_32.dll
0x00007ff917490000 - 0x00007ff9174ee000 	C:\Windows\SYSTEM32\POWRPROF.dll
0x00007ff8fc230000 - 0x00007ff8fc266000 	C:\Windows\SYSTEM32\WINMM.dll
0x00007ff9127a0000 - 0x00007ff9127ab000 	C:\Windows\SYSTEM32\VERSION.dll
0x00007ff917470000 - 0x00007ff917484000 	C:\Windows\SYSTEM32\UMPDC.dll
0x00007ff915fe0000 - 0x00007ff915ffb000 	C:\Windows\SYSTEM32\kernel.appcore.dll
0x00007ff9140d0000 - 0x00007ff9140da000 	C:\Program Files\Java\jdk-25.0.3\bin\jimage.dll
0x00007ff914fa0000 - 0x00007ff9151e2000 	C:\Windows\SYSTEM32\DBGHELP.DLL
0x00007ff918d00000 - 0x00007ff919082000 	C:\Windows\System32\combase.dll
0x00007ff91a430000 - 0x00007ff91a508000 	C:\Windows\System32\OLEAUT32.dll
0x00007ff8fe5f0000 - 0x00007ff8fe62b000 	C:\Windows\SYSTEM32\dbgcore.DLL
0x000001eaf2130000 - 0x000001eaf21d5000 	C:\Windows\System32\bcryptPrimitives.dll
0x00007ff8fe9c0000 - 0x00007ff8fe9df000 	C:\Program Files\Java\jdk-25.0.3\bin\java.dll
0x00007ff919860000 - 0x00007ff9199f7000 	C:\Windows\System32\ole32.dll
0x00007ff919ad0000 - 0x00007ff91a237000 	C:\Windows\System32\SHELL32.dll
0x00007ff9180e0000 - 0x00007ff91824a000 	C:\Windows\System32\wintypes.dll
0x00007ff918300000 - 0x00007ff918b68000 	C:\Windows\System32\windows.storage.dll
0x00007ff91ad30000 - 0x00007ff91ae28000 	C:\Windows\System32\SHCORE.dll
0x000001ea97ea0000 - 0x000001ea97f06000 	C:\Windows\System32\shlwapi.dll
0x00007ff917550000 - 0x00007ff917579000 	C:\Windows\SYSTEM32\profapi.dll
0x00007ff8fe940000 - 0x00007ff8fe952000 	C:\Program Files\Java\jdk-25.0.3\bin\net.dll
0x00007ff916770000 - 0x00007ff9167dc000 	C:\Windows\system32\mswsock.dll
0x00007ff8fe890000 - 0x00007ff8fe8a6000 	C:\Program Files\Java\jdk-25.0.3\bin\nio.dll
0x00007ff8fe760000 - 0x00007ff8fe777000 	C:\Program Files\Java\jdk-25.0.3\bin\zip.dll
0x00007ff8be790000 - 0x00007ff8be914000 	C:\Program Files\Java\jdk-25.0.3\bin\awt.dll
0x00007ff914730000 - 0x00007ff91475f000 	C:\Windows\system32\DWMAPI.DLL
0x00007ff9144b0000 - 0x00007ff914559000 	C:\Windows\system32\uxtheme.dll
0x00007ff8eb2c0000 - 0x00007ff8eb3cf000 	C:\Windows\system32\opengl32.dll
0x00007ff8fa230000 - 0x00007ff8fa25d000 	C:\Windows\SYSTEM32\GLU32.dll
0x00007ff9147c0000 - 0x00007ff914803000 	C:\Windows\SYSTEM32\dxcore.dll
0x00007ff91aa10000 - 0x00007ff91ab6c000 	C:\Windows\System32\MSCTF.dll
0x00007ff917080000 - 0x00007ff9170d1000 	C:\Windows\SYSTEM32\CFGMGR32.dll
0x00007ff8fe740000 - 0x00007ff8fe752000 	C:\Program Files\Java\jdk-25.0.3\bin\jsound.dll
0x00007ff8da130000 - 0x00007ff8da1c4000 	C:\Windows\SYSTEM32\DSOUND.dll
0x00007ff8d9010000 - 0x00007ff8d90c1000 	C:\Windows\SYSTEM32\ResampleDmo.DLL
0x00007ff8d1eb0000 - 0x00007ff8d1ee7000 	C:\Windows\SYSTEM32\winmmbase.dll
0x00007ff8fdd00000 - 0x00007ff8fdd0e000 	C:\Windows\SYSTEM32\msdmo.dll
0x00007ff9195e0000 - 0x00007ff91968e000 	C:\Windows\System32\clbcatq.dll
0x00007ff905b10000 - 0x00007ff905ba7000 	C:\Windows\System32\MMDevApi.dll
0x00007ff9170e0000 - 0x00007ff91710d000 	C:\Windows\System32\DEVOBJ.dll
0x00007ff8e9780000 - 0x00007ff8e97c7000 	C:\Windows\SYSTEM32\wdmaud.drv
0x00007ff8e9240000 - 0x00007ff8e9263000 	C:\Windows\SYSTEM32\wdmaud2.drv
0x00007ff912470000 - 0x00007ff91247b000 	C:\Windows\SYSTEM32\AVRT.dll
0x00007ff8ff900000 - 0x00007ff8ffab2000 	C:\Windows\SYSTEM32\AUDIOSES.DLL
0x00007ff8eb200000 - 0x00007ff8eb20f000 	C:\Windows\SYSTEM32\msacm32.drv
0x00007ff8df5d0000 - 0x00007ff8df5f1000 	C:\Windows\SYSTEM32\MSACM32.dll
0x00007ff8eedf0000 - 0x00007ff8eedfc000 	C:\Windows\SYSTEM32\midimap.dll
0x00007ff914b40000 - 0x00007ff914b54000 	C:\Windows\SYSTEM32\resourcepolicyclient.dll
0x00007ff8eb0d0000 - 0x00007ff8eb15b000 	C:\Program Files\Java\jdk-25.0.3\bin\freetype.dll
0x00007ff8d8800000 - 0x00007ff8d88ee000 	C:\Program Files\Java\jdk-25.0.3\bin\fontmanager.dll
0x00007ff8db4d0000 - 0x00007ff8db618000 	C:\Windows\SYSTEM32\textinputframework.dll
0x00007ff8ef1e0000 - 0x00007ff8ef339000 	C:\Windows\System32\Windows.UI.dll
0x00007ff911cb0000 - 0x00007ff911dd7000 	C:\Windows\SYSTEM32\CoreMessaging.dll
0x00007ff90ea50000 - 0x00007ff90ed32000 	C:\Windows\SYSTEM32\CoreUIComponents.dll
0x00007ff916b50000 - 0x00007ff916b5c000 	C:\Windows\SYSTEM32\CRYPTBASE.DLL

JVMTI agents: none

dbghelp: loaded successfully - version: 4.0.5 - missing functions: none
symbol engine: initialized successfully - sym options: 0x614 - pdb path: .;C:\Program Files\Java\jdk-25.0.3\bin;C:\Windows\SYSTEM32;C:\Windows\WinSxS\amd64_microsoft.windows.common-controls_6595b64144ccf1df_6.0.26100.8115_none_3e075c82e3354f9c;C:\Program Files\Zscaler\ZDP;C:\Program Files\Avecto\Privilege Guard Client;C:\Program Files\Java\jdk-25.0.3\bin\server

VM Arguments:
jvm_args: -XX:+ShowCodeDetailsInExceptionMessages 
java_command: Playlist
java_class_path (initial): C:\Users\yooandre\OneDrive - Hewlett Packard Enterprise\Documents\GitHub\AndrewBotics Playlist\bin;c:\Users\yooandre\OneDrive - Hewlett Packard Enterprise\Documents\GitHub\AndrewBotics Playlist\JLargeArrays-1.7.jar;c:\Users\yooandre\OneDrive - Hewlett Packard Enterprise\Documents\GitHub\AndrewBotics Playlist\JTransforms-3.2.jar
Launcher Type: SUN_STANDARD

[Global flags]
     intx CICompilerCount                          = 12                                        {product} {ergonomic}
     uint ConcGCThreads                            = 3                                         {product} {ergonomic}
     uint G1ConcRefinementThreads                  = 13                                        {product} {ergonomic}
   size_t G1HeapRegionSize                         = 4194304                                   {product} {ergonomic}
   size_t InitialHeapSize                          = 528482304                                 {product} {ergonomic}
   size_t MarkStackSize                            = 4194304                                   {product} {ergonomic}
   size_t MarkStackSizeMax                         = 536870912                                 {product} {ergonomic}
   size_t MaxHeapSize                              = 8438939648                                {product} {ergonomic}
   size_t MaxNewSize                               = 5062524928                                {product} {ergonomic}
   size_t MinHeapDeltaBytes                        = 4194304                                   {product} {ergonomic}
   size_t MinHeapSize                              = 8388608                                   {product} {ergonomic}
    uintx NonNMethodCodeHeapSize                   = 7602176                                {pd product} {ergonomic}
    uintx NonProfiledCodeHeapSize                  = 122093568                              {pd product} {ergonomic}
    uintx ProfiledCodeHeapSize                     = 121962496                              {pd product} {ergonomic}
    uintx ReservedCodeCacheSize                    = 251658240                              {pd product} {ergonomic}
     bool SegmentedCodeCache                       = true                                      {product} {ergonomic}
     bool ShowCodeDetailsInExceptionMessages       = true                                   {manageable} {command line}
   size_t SoftMaxHeapSize                          = 8438939648                             {manageable} {ergonomic}
     bool UseCompressedOops                        = true                           {product lp64_product} {ergonomic}
     bool UseG1GC                                  = true                                      {product} {ergonomic}
     bool UseLargePagesIndividualAllocation        = false                                  {pd product} {ergonomic}

Logging:
Log output configuration:
 #0: stdout all=warning uptime,level,tags foldmultilines=false
 #1: stderr all=off uptime,level,tags foldmultilines=false

Release file:
IMPLEMENTOR="Oracle Corporation" 
JAVA_RUNTIME_VERSION="25.0.3+9-LTS-195" 
JAVA_VERSION="25.0.3" 
JAVA_VERSION_DATE="2026-04-21" 
LIBC="default" 
MODULES="java.base java.compiler java.datatransfer java.xml java.prefs java.desktop java.instrument java.logging java.management java.security.sasl java.naming java.rmi java.management.rmi java.net.http java.scripting java.security.jgss java.transaction.xa java.sql java.sql.rowset java.xml.crypto java.se java.smartcardio jdk.accessibility jdk.internal.jvmstat jdk.attach jdk.charsets jdk.internal.opt jdk.zipfs jdk.compiler jdk.crypto.cryptoki jdk.crypto.ec jdk.crypto.mscapi jdk.dynalink jdk.internal.ed jdk.editpad jdk.internal.vm.ci jdk.graal.compiler jdk.graal.compiler.management jdk.hotspot.agent jdk.httpserver jdk.incubator.vector jdk.internal.le jdk.internal.md jdk.jartool jdk.javadoc jdk.jcmd jdk.management jdk.management.agent jdk.jconsole jdk.jdeps jdk.jdwp.agent jdk.jdi jdk.jfr jdk.jlink jdk.jpackage jdk.jshell jdk.jsobject jdk.jstatd jdk.localedata jdk.management.jfr jdk.naming.dns jdk.naming.rmi jdk.net jdk.nio.mapmode jdk.sctp jdk.security.auth jdk.security.jgss jdk.unsupported jdk.unsupported.desktop jdk.xml.dom" 
OS_ARCH="x86_64" 
OS_NAME="Windows" 
SOURCE=".:git:bf167394bb46 open:git:e57ac4c1e765" 

Environment Variables:
PATH=C:\msys64\usr\local\bin;C:\msys64\usr\bin;C:\msys64\usr\bin;C:\msys64\opt\bin;C:\Windows\System32;C:\Windows;C:\Windows\System32\Wbem;C:\Windows\System32\WindowsPowerShell\v1.0\;C:\msys64\usr\bin\site_perl;C:\msys64\usr\bin\vendor_perl;C:\msys64\usr\bin\core_perl
USERNAME=yooandre
SHELL=C:\msys64\usr\bin\bash.exe
LANG=en_US.UTF-8
TERM=xterm-256color
OS=Windows_NT
PROCESSOR_IDENTIFIER=Intel64 Family 6 Model 197 Stepping 2, GenuineIntel
TMP=C:\msys64\tmp
TEMP=C:\msys64\tmp




Compilation memory statistics disabled.

Periodic native trim disabled

---------------  S Y S T E M  ---------------

OS:
 Windows 11 , 64 bit Build 26100 (10.0.26100.8246)
OS uptime: 3 days 21:38 hours
Hyper-V role detected

CPU: total 16 (initial active 16) (16 cores per cpu, 1 threads per core) family 6 model 197 stepping 2 microcode 0x11b, cx8, cmov, fxsr, mmx, 3dnowpref, sse, sse2, sse3, ssse3, sse4.1, sse4.2, popcnt, lzcnt, tsc, tscinvbit, avx, avx2, aes, erms, clmul, bmi1, bmi2, adx, sha, fma, vzeroupper, clflush, clflushopt, clwb, hv, serialize, rdtscp, rdpid, fsrm, gfni, f16c, cet_ibt, cet_ss, avx_ifma
Processor Information for processor 0
  Max Mhz: 2200, Current Mhz: 2200, Mhz Limit: 2200
Processor Information for processor 1
  Max Mhz: 2200, Current Mhz: 2200, Mhz Limit: 2200
Processor Information for processor 2
  Max Mhz: 1700, Current Mhz: 1700, Mhz Limit: 1700
Processor Information for processor 3
  Max Mhz: 1700, Current Mhz: 1700, Mhz Limit: 1700
Processor Information for processor 4
  Max Mhz: 1700, Current Mhz: 1700, Mhz Limit: 1700
Processor Information for processor 5
  Max Mhz: 1700, Current Mhz: 1700, Mhz Limit: 1700
Processor Information for processor 6
  Max Mhz: 1700, Current Mhz: 1700, Mhz Limit: 1700
Processor Information for processor 7
  Max Mhz: 1700, Current Mhz: 1700, Mhz Limit: 1700
Processor Information for processor 8
  Max Mhz: 1700, Current Mhz: 1700, Mhz Limit: 1700
Processor Information for processor 9
  Max Mhz: 1700, Current Mhz: 1700, Mhz Limit: 1700
Processor Information for processor 10
  Max Mhz: 2200, Current Mhz: 2200, Mhz Limit: 2200
Processor Information for processor 11
  Max Mhz: 2200, Current Mhz: 2200, Mhz Limit: 2200
Processor Information for processor 12
  Max Mhz: 2200, Current Mhz: 2200, Mhz Limit: 2200
Processor Information for processor 13
  Max Mhz: 2200, Current Mhz: 2200, Mhz Limit: 2200
Processor Information for processor 14
  Max Mhz: 700, Current Mhz: 700, Mhz Limit: 700
Processor Information for processor 15
  Max Mhz: 700, Current Mhz: 700, Mhz Limit: 700

Memory: 4k page, system-wide physical 32188M (15822M free)
TotalPageFile size 34236M (AvailPageFile size 11860M)
current process WorkingSet (physical memory assigned to process): 511M, peak: 851M
current process commit charge ("private bytes"): 879M, peak: 947M

vm_info: Java HotSpot(TM) 64-Bit Server VM (25.0.3+9-LTS-195) for windows-amd64 JRE (25.0.3+9-LTS-195), built on 2026-03-11T00:20:00Z with MS VC++ 17.13 (VS2022)

END.
